Component: ARM Compiler 6.16 Tool: armlink [5dfeaa00]

==============================================================================

Memory Map of the image

  Image Entry point : 0x08000199

  Load Region LR_IROM1 (Base: 0x08000000, Size: 0x0000a44c, Max: 0x00080000, ABSOLUTE)

    Execution Region ER_IROM1 (Base: 0x08000000, Size: 0x0000a344, Max: 0x00080000, ABSOLUTE)

    Base Addr    Size         Type   Attr      Idx    E Section Name        Object

    0x08000000   0x00000198   Data   RO        31778    RESET               BUILD/NUCLEO_F411RE/ARMC6/mbed-os/targets/TARGET_STM/TARGET_STM32F4/TARGET_STM32F411xE/TOOLCHAIN_ARM/startup_stm32f411xe.o
    0x08000198   0x00000008   Code   RO        32725  * !!!main             c:\Users\kkoyo\AppData\Local\Mbed Studio\mbed-studio-tools\ac6\bin\..\lib\armlib\c_w.l(__main.o)
    0x080001a0   0x00000034   Code   RO        33727    !!!scatter          c:\Users\kkoyo\AppData\Local\Mbed Studio\mbed-studio-tools\ac6\bin\..\lib\armlib\c_w.l(__scatter.o)
    0x080001d4   0x0000001a   Code   RO        33729    !!handler_copy      c:\Users\kkoyo\AppData\Local\Mbed Studio\mbed-studio-tools\ac6\bin\..\lib\armlib\c_w.l(__scatter_copy.o)
    0x080001ee   0x00000002   PAD
    0x080001f0   0x0000001c   Code   RO        33731    !!handler_zi        c:\Users\kkoyo\AppData\Local\Mbed Studio\mbed-studio-tools\ac6\bin\..\lib\armlib\c_w.l(__scatter_zi.o)
    0x0800020c   0x00000000   Code   RO        32595    .ARM.Collect$$_printf_percent$$00000000  c:\Users\kkoyo\AppData\Local\Mbed Studio\mbed-studio-tools\ac6\bin\..\lib\armlib\c_w.l(_printf_percent.o)
    0x0800020c   0x00000006   Code   RO        32587    .ARM.Collect$$_printf_percent$$00000001  c:\Users\kkoyo\AppData\Local\Mbed Studio\mbed-studio-tools\ac6\bin\..\lib\armlib\c_w.l(_printf_n.o)
    0x08000212   0x00000006   Code   RO        32589    .ARM.Collect$$_printf_percent$$00000002  c:\Users\kkoyo\AppData\Local\Mbed Studio\mbed-studio-tools\ac6\bin\..\lib\armlib\c_w.l(_printf_p.o)
    0x08000218   0x00000006   Code   RO        32594    .ARM.Collect$$_printf_percent$$00000003  c:\Users\kkoyo\AppData\Local\Mbed Studio\mbed-studio-tools\ac6\bin\..\lib\armlib\c_w.l(_printf_f.o)
    0x0800021e   0x00000006   Code   RO        32957    .ARM.Collect$$_printf_percent$$00000004  c:\Users\kkoyo\AppData\Local\Mbed Studio\mbed-studio-tools\ac6\bin\..\lib\armlib\c_w.l(_printf_e.o)
    0x08000224   0x00000006   Code   RO        32958    .ARM.Collect$$_printf_percent$$00000005  c:\Users\kkoyo\AppData\Local\Mbed Studio\mbed-studio-tools\ac6\bin\..\lib\armlib\c_w.l(_printf_g.o)
    0x0800022a   0x00000006   Code   RO        32959    .ARM.Collect$$_printf_percent$$00000006  c:\Users\kkoyo\AppData\Local\Mbed Studio\mbed-studio-tools\ac6\bin\..\lib\armlib\c_w.l(_printf_a.o)
    0x08000230   0x0000000a   Code   RO        32964    .ARM.Collect$$_printf_percent$$00000007  c:\Users\kkoyo\AppData\Local\Mbed Studio\mbed-studio-tools\ac6\bin\..\lib\armlib\c_w.l(_printf_ll.o)
    0x0800023a   0x00000006   Code   RO        32591    .ARM.Collect$$_printf_percent$$00000008  c:\Users\kkoyo\AppData\Local\Mbed Studio\mbed-studio-tools\ac6\bin\..\lib\armlib\c_w.l(_printf_i.o)
    0x08000240   0x00000006   Code   RO        32592    .ARM.Collect$$_printf_percent$$00000009  c:\Users\kkoyo\AppData\Local\Mbed Studio\mbed-studio-tools\ac6\bin\..\lib\armlib\c_w.l(_printf_d.o)
    0x08000246   0x00000006   Code   RO        32593    .ARM.Collect$$_printf_percent$$0000000A  c:\Users\kkoyo\AppData\Local\Mbed Studio\mbed-studio-tools\ac6\bin\..\lib\armlib\c_w.l(_printf_u.o)
    0x0800024c   0x00000006   Code   RO        32590    .ARM.Collect$$_printf_percent$$0000000B  c:\Users\kkoyo\AppData\Local\Mbed Studio\mbed-studio-tools\ac6\bin\..\lib\armlib\c_w.l(_printf_o.o)
    0x08000252   0x00000006   Code   RO        32588    .ARM.Collect$$_printf_percent$$0000000C  c:\Users\kkoyo\AppData\Local\Mbed Studio\mbed-studio-tools\ac6\bin\..\lib\armlib\c_w.l(_printf_x.o)
    0x08000258   0x00000006   Code   RO        32961    .ARM.Collect$$_printf_percent$$0000000D  c:\Users\kkoyo\AppData\Local\Mbed Studio\mbed-studio-tools\ac6\bin\..\lib\armlib\c_w.l(_printf_lli.o)
    0x0800025e   0x00000006   Code   RO        32962    .ARM.Collect$$_printf_percent$$0000000E  c:\Users\kkoyo\AppData\Local\Mbed Studio\mbed-studio-tools\ac6\bin\..\lib\armlib\c_w.l(_printf_lld.o)
    0x08000264   0x00000006   Code   RO        32963    .ARM.Collect$$_printf_percent$$0000000F  c:\Users\kkoyo\AppData\Local\Mbed Studio\mbed-studio-tools\ac6\bin\..\lib\armlib\c_w.l(_printf_llu.o)
    0x0800026a   0x00000006   Code   RO        32967    .ARM.Collect$$_printf_percent$$00000010  c:\Users\kkoyo\AppData\Local\Mbed Studio\mbed-studio-tools\ac6\bin\..\lib\armlib\c_w.l(_printf_llo.o)
    0x08000270   0x00000006   Code   RO        32968    .ARM.Collect$$_printf_percent$$00000011  c:\Users\kkoyo\AppData\Local\Mbed Studio\mbed-studio-tools\ac6\bin\..\lib\armlib\c_w.l(_printf_llx.o)
[...]
    0x08002cfc   0x0000002c   Code   RO        31021    .text.HAL_UART_Init  BUILD/NUCLEO_F411RE/ARMC6/mbed-os/targets/TARGET_STM/TARGET_STM32F4/STM32Cube_FW/STM32F4xx_HAL_Driver/stm32f4xx_hal_uart.o
    0x08002d28   0x00000002   Code   RO        31023    .text.HAL_UART_MspInit  BUILD/NUCLEO_F411RE/ARMC6/mbed-os/targets/TARGET_STM/TARGET_STM32F4/STM32Cube_FW/STM32F4xx_HAL_Driver/stm32f4xx_hal_uart.o
    0x08002d2a   0x00000040   Code   RO          352    .text.MessageQueueGet  BUILD/NUCLEO_F411RE/ARMC6/mbed-os/cmsis/CMSIS_5/CMSIS/RTOS2/RTX/Source/rtx_msgqueue.o
    0x08002d6a   0x00000058   Code   RO          346    .text.MessageQueuePut  BUILD/NUCLEO_F411RE/ARMC6/mbed-os/cmsis/CMSIS_5/CMSIS/RTOS2/RTX/Source/rtx_msgqueue.o
    0x08002dc2   0x0000001c   Code   RO          344    .text.MessageQueueRemove  BUILD/NUCLEO_F411RE/ARMC6/mbed-os/cmsis/CMSIS_5/CMSIS/RTOS2/RTX/Source/rtx_msgqueue.o
    0x08002dde   0x00000002   PAD
    0x08002de0   0x00000008   Code   RO          640    .text.OS_Tick_AcknowledgeIRQ  BUILD/NUCLEO_F411RE/ARMC6/mbed-os/cmsis/CMSIS_5/CMSIS/RTOS2/Source/os_systick.o
    0x08002de8   0x00000024   Code   RO          636    .text.OS_Tick_Enable  BUILD/NUCLEO_F411RE/ARMC6/mbed-os/cmsis/CMSIS_5/CMSIS/RTOS2/Source/os_systick.o
    0x08002e0c   0x00000040   Code   RO          634    .text.OS_Tick_Setup  BUILD/NUCLEO_F411RE/ARMC6/mbed-os/cmsis/CMSIS_5/CMSIS/RTOS2/Source/os_systick.o
    0x08002e4c   0x0000000c   Code   RO          225    .text.OUTLINED_FUNCTION_0  BUILD/NUCLEO_F411RE/ARMC6/mbed-os/cmsis/CMSIS_5/CMSIS/RTOS2/RTX/Source/rtx_kernel.o
    0x08002e58   0x0000000e   Code   RO          360    .text.OUTLINED_FUNCTION_0  BUILD/NUCLEO_F411RE/ARMC6/mbed-os/cmsis/CMSIS_5/CMSIS/RTOS2/RTX/Source/rtx_msgqueue.o
    0x08002e66   0x0000000e   Code   RO          394    .text.OUTLINED_FUNCTION_0  BUILD/NUCLEO_F411RE/ARMC6/mbed-os/cmsis/CMSIS_5/CMSIS/RTOS2/RTX/Source/rtx_mutex.o
    0x08002e74   0x0000000c   Code   RO        22374    .text.OUTLINED_FUNCTION_0  BUILD/NUCLEO_F411RE/ARMC6/mbed-os/drivers/source/AnalogIn.o
    0x08002e80   0x00000018   Code   RO        22475    .text.OUTLINED_FUNCTION_0  BUILD/NUCLEO_F411RE/ARMC6/mbed-os/drivers/source/BufferedSerial.o
    0x08002e98   0x00000006   Code   RO        22856    .text.OUTLINED_FUNCTION_0  BUILD/NUCLEO_F411RE/ARMC6/mbed-os/drivers/source/PwmOut.o
    0x08002e9e   0x0000000c   Code   RO        25395    .text.OUTLINED_FUNCTION_0  BUILD/NUCLEO_F411RE/ARMC6/mbed-os/hal/source/mbed_pinmap_common.o
    0x08002eaa   0x00000006   Code   RO        25454    .text.OUTLINED_FUNCTION_0  BUILD/NUCLEO_F411RE/ARMC6/mbed-os/hal/source/mbed_ticker_api.o
    0x08002eb0   0x0000000a   Code   RO        25484    .text.OUTLINED_FUNCTION_0  BUILD/NUCLEO_F411RE/ARMC6/mbed-os/hal/source/mpu/mbed_mpu_v7m.o
    0x08002eba   0x00000008   Code   RO        25702    .text.OUTLINED_FUNCTION_0  BUILD/NUCLEO_F411RE/ARMC6/mbed-os/platform/source/FileBase.o
    0x08002ec2   0x00000006   Code   RO        26215    .text.OUTLINED_FUNCTION_0  BUILD/NUCLEO_F411RE/ARMC6/mbed-os/platform/source/mbed_error.o
    0x08002ec8   0x00000008   Code   RO        26496    .text.OUTLINED_FUNCTION_0  BUILD/NUCLEO_F411RE/ARMC6/mbed-os/platform/source/mbed_retarget.o
    0x08002ed0   0x0000000c   Code   RO        26705    .text.OUTLINED_FUNCTION_0  BUILD/NUCLEO_F411RE/ARMC6/mbed-os/rtos/source/Mutex.o
    0x08002edc   0x0000000c   Code   RO        29803    .text.OUTLINED_FUNCTION_0  BUILD/NUCLEO_F411RE/ARMC6/mbed-os/targets/TARGET_STM/TARGET_STM32F4/STM32Cube_FW/STM32F4xx_HAL_Driver/stm32f4xx_hal_rcc.o
    0x08002ee8   0x00000010   Code   RO        30951    .text.OUTLINED_FUNCTION_0  BUILD/NUCLEO_F411RE/ARMC6/mbed-os/targets/TARGET_STM/TARGET_STM32F4/STM32Cube_FW/STM32F4xx_HAL_Driver/stm32f4xx_hal_tim_ex.o
    0x08002ef8   0x00000016   Code   RO        31137    .text.OUTLINED_FUNCTION_0  BUILD/NUCLEO_F411RE/ARMC6/mbed-os/targets/TARGET_STM/TARGET_STM32F4/STM32Cube_FW/STM32F4xx_HAL_Driver/stm32f4xx_hal_uart.o
    0x08002f0e   0x00000014   Code   RO        31788    .text.OUTLINED_FUNCTION_0  BUILD/NUCLEO_F411RE/ARMC6/mbed-os/targets/TARGET_STM/TARGET_STM32F4/TARGET_STM32F411xE/system_clock.o
    0x08002f22   0x0000000e   Code   RO        32132    .text.OUTLINED_FUNCTION_0  BUILD/NUCLEO_F411RE/ARMC6/mbed-os/targets/TARGET_STM/pwmout_api.o
    0x08002f30   0x00000008   Code   RO        32202    .text.OUTLINED_FUNCTION_0  BUILD/NUCLEO_F411RE/ARMC6/mbed-os/targets/TARGET_STM/serial_api.o
    0x08002f38   0x0000000a   Code   RO        32385    .text.OUTLINED_FUNCTION_0  BUILD/NUCLEO_F411RE/ARMC6/serialbridge/src/source/Message.o
    0x08002f42   0x0000000c   Code   RO          227    .text.OUTLINED_FUNCTION_1  BUILD/NUCLEO_F411RE/ARMC6/mbed-os/cmsis/CMSIS_5/CMSIS/RTOS2/RTX/Source/rtx_kernel.o
    0x08002f4e   0x0000000c   Code   RO          362    .text.OUTLINED_FUNCTION_1  BUILD/NUCLEO_F411RE/ARMC6/mbed-os/cmsis/CMSIS_5/CMSIS/RTOS2/RTX/Source/rtx_msgqueue.o
    0x08002f5a   0x00000008   Code   RO          396    .text.OUTLINED_FUNCTION_1  BUILD/NUCLEO_F411RE/ARMC6/mbed-os/cmsis/CMSIS_5/CMSIS/RTOS2/RTX/Source/rtx_mutex.o
    0x08002f62   0x00000014   Code   RO        22477    .text.OUTLINED_FUNCTION_1  BUILD/NUCLEO_F411RE/ARMC6/mbed-os/drivers/source/BufferedSerial.o
    0x08002f76   0x0000000a   Code   RO        23063    .text.OUTLINED_FUNCTION_1  BUILD/NUCLEO_F411RE/ARMC6/mbed-os/drivers/source/SerialBase.o
    0x08002f80   0x00000006   Code   RO        25704    .text.OUTLINED_FUNCTION_1  BUILD/NUCLEO_F411RE/ARMC6/mbed-os/platform/source/FileBase.o
    0x08002f86   0x00000008   Code   RO        26498    .text.OUTLINED_FUNCTION_1  BUILD/NUCLEO_F411RE/ARMC6/mbed-os/platform/source/mbed_retarget.o
    0x08002f8e   0x0000002e   Code   RO        30725    .text.OUTLINED_FUNCTION_1  BUILD/NUCLEO_F411RE/ARMC6/mbed-os/targets/TARGET_STM/TARGET_STM32F4/STM32Cube_FW/STM32F4xx_HAL_Driver/stm32f4xx_hal_tim.o
    0x08002fbc   0x0000000c   Code   RO        31139    .text.OUTLINED_FUNCTION_1  BUILD/NUCLEO_F411RE/ARMC6/mbed-os/targets/TARGET_STM/TARGET_STM32F4/STM32Cube_FW/STM32F4xx_HAL_Driver/stm32f4xx_hal_uart.o
    0x08002fc8   0x0000000a   Code   RO        30743    .text.OUTLINED_FUNCTION_10  BUILD/NUCLEO_F411RE/ARMC6/mbed-os/targets/TARGET_STM/TARGET_STM32F4/STM32Cube_FW/STM32F4xx_HAL_Driver/stm32f4xx_hal_tim.o
    0x08002fd2   0x00000006   Code   RO        30745    .text.OUTLINED_FUNCTION_11  BUILD/NUCLEO_F411RE/ARMC6/mbed-os/targets/TARGET_STM/TARGET_STM32F4/STM32Cube_FW/STM32F4xx_HAL_Driver/stm32f4xx_hal_tim.o
    0x08002fd8   0x0000000a   Code   RO        23085    .text.OUTLINED_FUNCTION_12  BUILD/NUCLEO_F411RE/ARMC6/mbed-os/drivers/source/SerialBase.o
    0x08002fe2   0x00000012   Code   RO        31161    .text.OUTLINED_FUNCTION_12  BUILD/NUCLEO_F411RE/ARMC6/mbed-os/targets/TARGET_STM/TARGET_STM32F4/STM32Cube_FW/STM32F4xx_HAL_Driver/stm32f4xx_hal_uart.o
    0x08002ff4   0x00000008   Code   RO          229    .text.OUTLINED_FUNCTION_2  BUILD/NUCLEO_F411RE/ARMC6/mbed-os/cmsis/CMSIS_5/CMSIS/RTOS2/RTX/Source/rtx_kernel.o
    0x08002ffc   0x0000000a   Code   RO          398    .text.OUTLINED_FUNCTION_2  BUILD/NUCLEO_F411RE/ARMC6/mbed-os/cmsis/CMSIS_5/CMSIS/RTOS2/RTX/Source/rtx_mutex.o
    0x08003006   0x00000006   Code   RO        23065    .text.OUTLINED_FUNCTION_2  BUILD/NUCLEO_F411RE/ARMC6/mbed-os/drivers/source/SerialBase.o
    0x0800300c   0x00000008   Code   RO        26500    .text.OUTLINED_FUNCTION_2  BUILD/NUCLEO_F411RE/ARMC6/mbed-os/platform/source/mbed_retarget.o
    0x08003014   0x0000000a   Code   RO        29807    .text.OUTLINED_FUNCTION_2  BUILD/NUCLEO_F411RE/ARMC6/mbed-os/targets/TARGET_STM/TARGET_STM32F4/STM32Cube_FW/STM32F4xx_HAL_Driver/stm32f4xx_hal_rcc.o
    0x0800301e   0x0000001a   Code   RO        31141    .text.OUTLINED_FUNCTION_2  BUILD/NUCLEO_F411RE/ARMC6/mbed-os/targets/TARGET_STM/TARGET_STM32F4/STM32Cube_FW/STM32F4xx_HAL_Driver/stm32f4xx_hal_uart.o
    0x08003038   0x0000000a   Code   RO        32389    .text.OUTLINED_FUNCTION_2  BUILD/NUCLEO_F411RE/ARMC6/serialbridge/src/source/Message.o
    0x08003042   0x0000000a   Code   RO        30773    .text.OUTLINED_FUNCTION_25  BUILD/NUCLEO_F411RE/ARMC6/mbed-os/targets/TARGET_STM/TARGET_STM32F4/STM32Cube_FW/STM32F4xx_HAL_Driver/stm32f4xx_hal_tim.o
    0x0800304c   0x00000006   Code   RO        31001    .text.OUTLINED_FUNCTION_25  BUILD/NUCLEO_F411RE/ARMC6/mbed-os/targets/TARGET_STM/TARGET_STM32F4/STM32Cube_FW/STM32F4xx_HAL_Driver/stm32f4xx_hal_tim_ex.o
    0x08003052   0x0000000a   Code   RO        30775    .text.OUTLINED_FUNCTION_26  BUILD/NUCLEO_F411RE/ARMC6/mbed-os/targets/TARGET_STM/TARGET_STM32F4/STM32Cube_FW/STM32F4xx_HAL_Driver/stm32f4xx_hal_tim.o
    0x0800305c   0x00000006   Code   RO          231    .text.OUTLINED_FUNCTION_3  BUILD/NUCLEO_F411RE/ARMC6/mbed-os/cmsis/CMSIS_5/CMSIS/RTOS2/RTX/Source/rtx_kernel.o
    0x08003062   0x00000014   Code   RO        22481    .text.OUTLINED_FUNCTION_3  BUILD/NUCLEO_F411RE/ARMC6/mbed-os/drivers/source/BufferedSerial.o
    0x08003076   0x00000008   Code   RO        23067    .text.OUTLINED_FUNCTION_3  BUILD/NUCLEO_F411RE/ARMC6/mbed-os/drivers/source/SerialBase.o
    0x0800307e   0x0000000a   Code   RO        30957    .text.OUTLINED_FUNCTION_3  BUILD/NUCLEO_F411RE/ARMC6/mbed-os/targets/TARGET_STM/TARGET_STM32F4/STM32Cube_FW/STM32F4xx_HAL_Driver/stm32f4xx_hal_tim_ex.o
    0x08003088   0x0000000c   Code   RO          580    .text.OUTLINED_FUNCTION_4  BUILD/NUCLEO_F411RE/ARMC6/mbed-os/cmsis/CMSIS_5/CMSIS/RTOS2/RTX/Source/rtx_thread.o
    0x08003094   0x0000000e   Code   RO        22483    .text.OUTLINED_FUNCTION_4  BUILD/NUCLEO_F411RE/ARMC6/mbed-os/drivers/source/BufferedSerial.o
    0x080030a2   0x0000000a   Code   RO        30959    .text.OUTLINED_FUNCTION_4  BUILD/NUCLEO_F411RE/ARMC6/mbed-os/targets/TARGET_STM/TARGET_STM32F4/STM32Cube_FW/STM32F4xx_HAL_Driver/stm32f4xx_hal_tim_ex.o
    0x080030ac   0x0000000a   Code   RO        30815    .text.OUTLINED_FUNCTION_46  BUILD/NUCLEO_F411RE/ARMC6/mbed-os/targets/TARGET_STM/TARGET_STM32F4/STM32Cube_FW/STM32F4xx_HAL_Driver/stm32f4xx_hal_tim.o
    0x080030b6   0x00000006   Code   RO        22485    .text.OUTLINED_FUNCTION_5  BUILD/NUCLEO_F411RE/ARMC6/mbed-os/drivers/source/BufferedSerial.o
    0x080030bc   0x0000000e   Code   RO        23071    .text.OUTLINED_FUNCTION_5  BUILD/NUCLEO_F411RE/ARMC6/mbed-os/drivers/source/SerialBase.o
    0x080030ca   0x0000000e   Code   RO        30837    .text.OUTLINED_FUNCTION_57  BUILD/NUCLEO_F411RE/ARMC6/mbed-os/targets/TARGET_STM/TARGET_STM32F4/STM32Cube_FW/STM32F4xx_HAL_Driver/stm32f4xx_hal_tim.o
    0x080030d8   0x00000006   Code   RO        22487    .text.OUTLINED_FUNCTION_6  BUILD/NUCLEO_F411RE/ARMC6/mbed-os/drivers/source/BufferedSerial.o
    0x080030de   0x0000000e   Code   RO        30859    .text.OUTLINED_FUNCTION_68  BUILD/NUCLEO_F411RE/ARMC6/mbed-os/targets/TARGET_STM/TARGET_STM32F4/STM32Cube_FW/STM32F4xx_HAL_Driver/stm32f4xx_hal_tim.o
    0x080030ec   0x00000006   Code   RO        22489    .text.OUTLINED_FUNCTION_7  BUILD/NUCLEO_F411RE/ARMC6/mbed-os/drivers/source/BufferedSerial.o
    0x080030f2   0x00000008   Code   RO        23075    .text.OUTLINED_FUNCTION_7  BUILD/NUCLEO_F411RE/ARMC6/mbed-os/drivers/source/SerialBase.o
    0x080030fa   0x0000000e   Code   RO        30737    .text.OUTLINED_FUNCTION_7  BUILD/NUCLEO_F411RE/ARMC6/mbed-os/targets/TARGET_STM/TARGET_STM32F4/STM32Cube_FW/STM32F4xx_HAL_Driver/stm32f4xx_hal_tim.o
    0x08003108   0x0000000a   Code   RO        30863    .text.OUTLINED_FUNCTION_70  BUILD/NUCLEO_F411RE/ARMC6/mbed-os/targets/TARGET_STM/TARGET_STM32F4/STM32Cube_FW/STM32F4xx_HAL_Driver/stm32f4xx_hal_tim.o
    0x08003112   0x0000000a   Code   RO        30739    .text.OUTLINED_FUNCTION_8  BUILD/NUCLEO_F411RE/ARMC6/mbed-os/targets/TARGET_STM/TARGET_STM32F4/STM32Cube_FW/STM32F4xx_HAL_Driver/stm32f4xx_hal_tim.o
    0x0800311c   0x0000000a   Code   RO        23079    .text.OUTLINED_FUNCTION_9  BUILD/NUCLEO_F411RE/ARMC6/mbed-os/drivers/source/SerialBase.o
    0x08003126   0x00000002   PAD
    0x08003128   0x0000002c   Code   RO        31782    .text.SetSysClock   BUILD/NUCLEO_F411RE/ARMC6/mbed-os/targets/TARGET_STM/TARGET_STM32F4/TARGET_STM32F411xE/system_clock.o
    0x08003154   0x0000008c   Code   RO        31784    .text.SetSysClock_PLL_HSE  BUILD/NUCLEO_F411RE/ARMC6/mbed-os/targets/TARGET_STM/TARGET_STM32F4/TARGET_STM32F411xE/system_clock.o
    0x080031e0   0x0000007c   Code   RO        31786    .text.SetSysClock_PLL_HSI  BUILD/NUCLEO_F411RE/ARMC6/mbed-os/targets/TARGET_STM/TARGET_STM32F4/TARGET_STM32F411xE/system_clock.o
    0x0800325c   0x00000100   Code   RO        31891    .text.Set_GPIO_Clock  BUILD/NUCLEO_F411RE/ARMC6/mbed-os/targets/TARGET_STM/gpio_api.o
    0x0800335c   0x0000006c   Code   RO        31757    .text.SystemCoreClockUpdate  BUILD/NUCLEO_F411RE/ARMC6/mbed-os/targets/TARGET_STM/TARGET_STM32F4/STM32Cube_FW/system_stm32f4xx.o
    0x080033c8   0x0000001c   Code   RO        31755    .text.SystemInit    BUILD/NUCLEO_F411RE/ARMC6/mbed-os/targets/TARGET_STM/TARGET_STM32F4/STM32Cube_FW/system_stm32f4xx.o
    0x080033e4   0x0000008c   Code   RO        30495    .text.TIM_Base_SetConfig  BUILD/NUCLEO_F411RE/ARMC6/mbed-os/targets/TARGET_STM/TARGET_STM32F4/STM32Cube_FW/STM32F4xx_HAL_Driver/stm32f4xx_hal_tim.o
    0x08003470   0x0000001e   Code   RO        30529    .text.TIM_CCxChannelCmd  BUILD/NUCLEO_F411RE/ARMC6/mbed-os/targets/TARGET_STM/TARGET_STM32F4/STM32Cube_FW/STM32F4xx_HAL_Driver/stm32f4xx_hal_tim.o
    0x0800348e   0x0000001e   Code   RO        30889    .text.TIM_CCxNChannelCmd  BUILD/NUCLEO_F411RE/ARMC6/mbed-os/targets/TARGET_STM/TARGET_STM32F4/STM32Cube_FW/STM32F4xx_HAL_Driver/stm32f4xx_hal_tim_ex.o
    0x080034ac   0x00000044   Code   RO        32102    .text.TIM_ChannelConvert_HAL2LL  BUILD/NUCLEO_F411RE/ARMC6/mbed-os/targets/TARGET_STM/pwmout_api.o
    0x080034f0   0x0000004c   Code   RO        30639    .text.TIM_OC1_SetConfig  BUILD/NUCLEO_F411RE/ARMC6/mbed-os/targets/TARGET_STM/TARGET_STM32F4/STM32Cube_FW/STM32F4xx_HAL_Driver/stm32f4xx_hal_tim.o
    0x0800353c   0x00000050   Code   RO        30641    .text.TIM_OC2_SetConfig  BUILD/NUCLEO_F411RE/ARMC6/mbed-os/targets/TARGET_STM/TARGET_STM32F4/STM32Cube_FW/STM32F4xx_HAL_Driver/stm32f4xx_hal_tim.o
    0x0800358c   0x00000050   Code   RO        30643    .text.TIM_OC3_SetConfig  BUILD/NUCLEO_F411RE/ARMC6/mbed-os/targets/TARGET_STM/TARGET_STM32F4/STM32Cube_FW/STM32F4xx_HAL_Driver/stm32f4xx_hal_tim.o
    0x080035dc   0x00000044   Code   RO        30645    .text.TIM_OC4_SetConfig  BUILD/NUCLEO_F411RE/ARMC6/mbed-os/targets/TARGET_STM/TARGET_STM32F4/STM32Cube_FW/STM32F4xx_HAL_Driver/stm32f4xx_hal_tim.o
    0x08003620   0x00000064   Code   RO          524    .text.ThreadFlagsCheck  BUILD/NUCLEO_F411RE/ARMC6/mbed-os/cmsis/CMSIS_5/CMSIS/RTOS2/RTX/Source/rtx_thread.o
    0x08003684   0x00000048   Code   RO          614    .text.TimerInsert   BUILD/NUCLEO_F411RE/ARMC6/mbed-os/cmsis/CMSIS_5/CMSIS/RTOS2/RTX/Source/rtx_timer.o
    0x080036cc   0x000000ac   Code   RO        31025    .text.UART_SetConfig  BUILD/NUCLEO_F411RE/ARMC6/mbed-os/targets/TARGET_STM/TARGET_STM32F4/STM32Cube_FW/STM32F4xx_HAL_Driver/stm32f4xx_hal_uart.o
    0x08003778   0x000000b4   Code   RO            7    .text._GLOBAL__sub_I_main.cpp  BUILD/NUCLEO_F411RE/ARMC6/main.o
    0x0800382c   0x00000036   Code   RO        32415    .text._Z10cobsDecodePKhjPv  BUILD/NUCLEO_F411RE/ARMC6/serialbridge/src/source/cobs.o
    0x08003862   0x0000000e   Code   RO        26372    .text._ZL12convert_crlfi  BUILD/NUCLEO_F411RE/ARMC6/mbed-os/platform/source/mbed_retarget.o
    0x08003870   0x00000010   Code   RO        21657    .text._ZL14singleton_lockv  BUILD/NUCLEO_F411RE/ARMC6/mbed-os/connectivity/netsocket/source/nsapi_dns.o
    0x08003880   0x00000010   Code   RO        26468    .text._ZL14singleton_lockv  BUILD/NUCLEO_F411RE/ARMC6/mbed-os/platform/source/mbed_retarget.o
    0x08003890   0x0000000c   Code   RO        21659    .text._ZL16singleton_unlockv  BUILD/NUCLEO_F411RE/ARMC6/mbed-os/connectivity/netsocket/source/nsapi_dns.o
    0x0800389c   0x00000010   Code   RO        26470    .text._ZL16singleton_unlockv  BUILD/NUCLEO_F411RE/ARMC6/mbed-os/platform/source/mbed_retarget.o
    0x080038ac   0x0000001a   Code   RO          725    .text._ZL17default_idle_hookv  BUILD/NUCLEO_F411RE/ARMC6/mbed-os/cmsis/device/rtos/source/mbed_rtx_idle.o
    0x080038c6   0x00000002   PAD
    0x080038c8   0x00000018   Code   RO        26364    .text._ZL18handle_open_errorsij  BUILD/NUCLEO_F411RE/ARMC6/mbed-os/platform/source/mbed_retarget.o
    0x080038e0   0x0000004c   Code   RO        26350    .text._ZL18reserve_filehandlev  BUILD/NUCLEO_F411RE/ARMC6/mbed-os/platform/source/mbed_retarget.o
    0x0800392c   0x00000010   Code   RO        25640    .text._ZN10CThunkBase11cthunk_freeEPFvvE  BUILD/NUCLEO_F411RE/ARMC6/mbed-os/platform/source/CThunkBase.o
    0x0800393c   0x00000068   Code   RO        32346    .text._ZN10CobsSerial4readEPh  BUILD/NUCLEO_F411RE/ARMC6/serialbridge/src/source/CobsSerial.o
    0x080039a4   0x00000062   Code   RO        32350    .text._ZN10CobsSerial6updateEv  BUILD/NUCLEO_F411RE/ARMC6/serialbridge/src/source/CobsSerial.o
    0x08003a06   0x0000001a   Code   RO        32344    .text._ZN10CobsSerialC2EP9SerialDevj  BUILD/NUCLEO_F411RE/ARMC6/serialbridge/src/source/CobsSerial.o
    0x08003a20   0x00000024   Code   RO        32355    .text._ZN10ring_queueIhE3popEv  BUILD/NUCLEO_F411RE/ARMC6/serialbridge/src/source/CobsSerial.o
    0x08003a44   0x0000002a   Code   RO        32357    .text._ZN10ring_queueIhE4pushEh  BUILD/NUCLEO_F411RE/ARMC6/serialbridge/src/source/CobsSerial.o
    0x08003a6e   0x00000018   Code   RO        32353    .text._ZN10ring_queueIhEC2Ei  BUILD/NUCLEO_F411RE/ARMC6/serialbridge/src/source/CobsSerial.o
    0x08003a86   0x00000002   PAD
    0x08003a88   0x00000018   Code   RO        26334    .text._ZN12DirectSerial4readEPvj  BUILD/NUCLEO_F411RE/ARMC6/mbed-os/platform/source/mbed_retarget.o
    0x08003aa0   0x00000008   Code   RO        26524    .text._ZN12DirectSerial4seekEli  BUILD/NUCLEO_F411RE/ARMC6/mbed-os/platform/source/mbed_retarget.o
    0x08003aa8   0x00000006   Code   RO        26530    .text._ZN12DirectSerial4sizeEv  BUILD/NUCLEO_F411RE/ARMC6/mbed-os/platform/source/mbed_retarget.o
    0x08003aae   0x00000004   Code   RO        26526    .text._ZN12DirectSerial5closeEv  BUILD/NUCLEO_F411RE/ARMC6/mbed-os/platform/source/mbed_retarget.o
    0x08003ab2   0x00000002   PAD
    0x08003ab4   0x00000020   Code   RO        26332    .text._ZN12DirectSerial5writeEPKvj  BUILD/NUCLEO_F411RE/ARMC6/mbed-os/platform/source/mbed_retarget.o
    0x08003ad4   0x00000004   Code   RO        26528    .text._ZN12DirectSerial6isattyEv  BUILD/NUCLEO_F411RE/ARMC6/mbed-os/platform/source/mbed_retarget.o
    0x08003ad8   0x00000034   Code   RO        26330    .text._ZN12DirectSerialC2ERK15serial_pinmap_ti  BUILD/NUCLEO_F411RE/ARMC6/mbed-os/platform/source/mbed_retarget.o
    0x08003b0c   0x00000004   Code   RO        26522    .text._ZN12DirectSerialD0Ev  BUILD/NUCLEO_F411RE/ARMC6/mbed-os/platform/source/mbed_retarget.o
    0x08003b10   0x0000001e   Code   RO        32401    .text._ZN12SerialBridge11_id_2_orderEh  BUILD/NUCLEO_F411RE/ARMC6/serialbridge/src/source/SerialBridge.o
    0x08003b2e   0x000000a4   Code   RO        32409    .text._ZN12SerialBridge13_update_frameEv  BUILD/NUCLEO_F411RE/ARMC6/serialbridge/src/source/SerialBridge.o
    0x08003bd2   0x00000014   Code   RO        32407    .text._ZN12SerialBridge6updateEv  BUILD/NUCLEO_F411RE/ARMC6/serialbridge/src/source/SerialBridge.o
    0x08003be6   0x00000044   Code   RO        32399    .text._ZN12SerialBridge9add_frameEhPN2sb16MessageInterfaceE  BUILD/NUCLEO_F411RE/ARMC6/serialbridge/src/source/SerialBridge.o
    0x08003c2a   0x00000026   Code   RO        32395    .text._ZN12SerialBridgeC2EP9SerialDevj  BUILD/NUCLEO_F411RE/ARMC6/serialbridge/src/source/SerialBridge.o
    0x08003c50   0x00000014   Code   RO        32366    .text._ZN18MbedHardwareSerial12readable_lenEv  BUILD/NUCLEO_F411RE/ARMC6/serialbridge/src/source/MbedHardwareSerial.o
    0x08003c64   0x0000001e   Code   RO        32364    .text._ZN18MbedHardwareSerial4readEv  BUILD/NUCLEO_F411RE/ARMC6/serialbridge/src/source/MbedHardwareSerial.o
    0x08003c82   0x00000008   Code   RO        32368    .text._ZN18MbedHardwareSerial5writeEPhj  BUILD/NUCLEO_F411RE/ARMC6/serialbridge/src/source/MbedHardwareSerial.o
    0x08003c8a   0x00000002   PAD
    0x08003c8c   0x00000010   Code   RO        32362    .text._ZN18MbedHardwareSerialC2EPN4mbed14BufferedSerialE  BUILD/NUCLEO_F411RE/ARMC6/serialbridge/src/source/MbedHardwareSerial.o
    0x08003c9c   0x0000001c   Code   RO        32377    .text._ZN2sb16MessageInterface9unpackingEv  BUILD/NUCLEO_F411RE/ARMC6/serialbridge/src/source/Message.o
    0x08003cb8   0x0000000a   Code   RO           22    .text._ZN2sb7MessageI11ControlTypeE11was_updatedEv  BUILD/NUCLEO_F411RE/ARMC6/main.o
    0x08003cc2   0x00000004   Code   RO           30    .text._ZN2sb7MessageI11ControlTypeE4sizeEv  BUILD/NUCLEO_F411RE/ARMC6/main.o
    0x08003cc6   0x00000004   Code   RO           32    .text._ZN2sb7MessageI11ControlTypeE9_data_ptrEv  BUILD/NUCLEO_F411RE/ARMC6/main.o
    0x08003cca   0x00000002   PAD
    0x08003ccc   0x0000001c   Code   RO           20    .text._ZN2sb7MessageI11ControlTypeEC2Ev  BUILD/NUCLEO_F411RE/ARMC6/main.o
    0x08003ce8   0x0000033c   Code   RO           26    .text._ZN4chem3lolEv  BUILD/NUCLEO_F411RE/ARMC6/main.o
    0x08004024   0x00000004   PAD
    0x08004028   0x000000b0   Code   RO           24    .text._ZN4chem5angleEff  BUILD/NUCLEO_F411RE/ARMC6/main.o
    0x080040d8   0x00000014   Code   RO           28    .text._ZN4mbed10DigitalOut5writeEi  BUILD/NUCLEO_F411RE/ARMC6/main.o
    0x080040ec   0x00000018   Code   RO           18    .text._ZN4mbed10DigitalOutC2E7PinName  BUILD/NUCLEO_F411RE/ARMC6/main.o
    0x08004104   0x00000006   Code   RO        24149    .text._ZN4mbed10FileHandle12enable_inputEb  BUILD/NUCLEO_F411RE/ARMC6/mbed-os/drivers/usb/source/USBKeyboard.o
    0x0800410a   0x00000002   PAD
    0x0800410c   0x00000010   Code   RO        23271    .text._ZN4mbed10FileHandle12set_blockingEb  BUILD/NUCLEO_F411RE/ARMC6/mbed-os/drivers/source/UnbufferedSerial.o
    0x0800411c   0x00000006   Code   RO        24151    .text._ZN4mbed10FileHandle13enable_outputEb  BUILD/NUCLEO_F411RE/ARMC6/mbed-os/drivers/usb/source/USBKeyboard.o
    0x08004122   0x00000038   Code   RO        25710    .text._ZN4mbed10FileHandle4sizeEv  BUILD/NUCLEO_F411RE/ARMC6/mbed-os/platform/source/FileHandle.o
    0x0800415a   0x00000004   Code   RO        23265    .text._ZN4mbed10FileHandle4syncEv  BUILD/NUCLEO_F411RE/ARMC6/mbed-os/drivers/source/UnbufferedSerial.o
    0x0800415e   0x0000000a   Code   RO        22503    .text._ZN4mbed10FileHandle4tellEv  BUILD/NUCLEO_F411RE/ARMC6/mbed-os/drivers/source/BufferedSerial.o
    0x08004168   0x00000002   Code   RO        23275    .text._ZN4mbed10FileHandle5sigioENS_8CallbackIFvvEEE  BUILD/NUCLEO_F411RE/ARMC6/mbed-os/drivers/source/UnbufferedSerial.o
    0x0800416a   0x0000000a   Code   RO        22505    .text._ZN4mbed10FileHandle6rewindEv  BUILD/NUCLEO_F411RE/ARMC6/mbed-os/drivers/source/BufferedSerial.o
    0x08004174   0x00000006   Code   RO        22507    .text._ZN4mbed10FileHandle8truncateEl  BUILD/NUCLEO_F411RE/ARMC6/mbed-os/drivers/source/BufferedSerial.o
    0x0800417a   0x00000002   Code   RO        25714    .text._ZN4mbed10FileHandleD2Ev  BUILD/NUCLEO_F411RE/ARMC6/mbed-os/platform/source/FileHandle.o
    0x0800417c   0x00000006   Code   RO        23011    .text._ZN4mbed10SerialBase10_base_getcEv  BUILD/NUCLEO_F411RE/ARMC6/mbed-os/drivers/source/SerialBase.o
    0x08004182   0x0000000e   Code   RO        23013    .text._ZN4mbed10SerialBase10_base_putcEi  BUILD/NUCLEO_F411RE/ARMC6/mbed-os/drivers/source/SerialBase.o
    0x08004190   0x00000010   Code   RO        23009    .text._ZN4mbed10SerialBase12_irq_handlerEj9SerialIrq  BUILD/NUCLEO_F411RE/ARMC6/mbed-os/drivers/source/SerialBase.o
    0x080041a0   0x00000088   Code   RO        23017    .text._ZN4mbed10SerialBase12enable_inputEb  BUILD/NUCLEO_F411RE/ARMC6/mbed-os/drivers/source/SerialBase.o
    0x08004228   0x00000088   Code   RO        23019    .text._ZN4mbed10SerialBase13enable_outputEb  BUILD/NUCLEO_F411RE/ARMC6/mbed-os/drivers/source/SerialBase.o
    0x080042b0   0x00000002   Code   RO        23027    .text._ZN4mbed10SerialBase4lockEv  BUILD/NUCLEO_F411RE/ARMC6/mbed-os/drivers/source/SerialBase.o
    0x080042b2   0x00000002   PAD
    0x080042b4   0x00000054   Code   RO        22993    .text._ZN4mbed10SerialBase5_initEv  BUILD/NUCLEO_F411RE/ARMC6/mbed-os/drivers/source/SerialBase.o
    0x08004308   0x00000092   Code   RO        23007    .text._ZN4mbed10SerialBase6attachENS_8CallbackIFvvEEENS0_7IrqTypeE  BUILD/NUCLEO_F411RE/ARMC6/mbed-os/drivers/source/SerialBase.o
    0x0800439a   0x00000002   Code   RO        23029    .text._ZN4mbed10SerialBase6unlockEv  BUILD/NUCLEO_F411RE/ARMC6/mbed-os/drivers/source/SerialBase.o
    0x0800439c   0x00000016   Code   RO        23003    .text._ZN4mbed10SerialBase8readableEv  BUILD/NUCLEO_F411RE/ARMC6/mbed-os/drivers/source/SerialBase.o
    0x080043b2   0x00000016   Code   RO        23005    .text._ZN4mbed10SerialBase9writeableEv  BUILD/NUCLEO_F411RE/ARMC6/mbed-os/drivers/source/SerialBase.o
    0x080043c8   0x000000a0   Code   RO        22991    .text._ZN4mbed10SerialBaseC2E7PinNameS1_i  BUILD/NUCLEO_F411RE/ARMC6/mbed-os/drivers/source/SerialBase.o
    0x08004468   0x0000000e   Code   RO        23033    .text._ZN4mbed10SerialBaseD0Ev  BUILD/NUCLEO_F411RE/ARMC6/mbed-os/drivers/source/SerialBase.o
    0x08004476   0x00000002   PAD
    0x08004478   0x00000044   Code   RO        23031    .text._ZN4mbed10SerialBaseD2Ev  BUILD/NUCLEO_F411RE/ARMC6/mbed-os/drivers/source/SerialBase.o
    0x080044bc   0x0000000e   Code   RO        22760    .text._ZN4mbed11InterruptIn4readEv  BUILD/NUCLEO_F411RE/ARMC6/mbed-os/drivers/source/InterruptIn.o
    0x080044ca   0x0000001c   Code   RO        22467    .text._ZN4mbed14BufferedSerial12enable_inputEb  BUILD/NUCLEO_F411RE/ARMC6/mbed-os/drivers/source/BufferedSerial.o
    0x080044e6   0x00000008   Code   RO        22499    .text._ZN4mbed14BufferedSerial12set_blockingEb  BUILD/NUCLEO_F411RE/ARMC6/mbed-os/drivers/source/BufferedSerial.o
    0x080044ee   0x0000001c   Code   RO        22471    .text._ZN4mbed14BufferedSerial13enable_outputEb  BUILD/NUCLEO_F411RE/ARMC6/mbed-os/drivers/source/BufferedSerial.o
    0x0800450a   0x00000002   PAD
    0x0800450c   0x00000048   Code   RO        22393    .text._ZN4mbed14BufferedSerial13update_rx_irqEv  BUILD/NUCLEO_F411RE/ARMC6/mbed-os/drivers/source/BufferedSerial.o
    0x08004554   0x0000004c   Code   RO        22449    .text._ZN4mbed14BufferedSerial13update_tx_irqEv  BUILD/NUCLEO_F411RE/ARMC6/mbed-os/drivers/source/BufferedSerial.o
    0x080045a0   0x00000014   Code   RO        22463    .text._ZN4mbed14BufferedSerial14disable_rx_irqEv  BUILD/NUCLEO_F411RE/ARMC6/mbed-os/drivers/source/BufferedSerial.o
    0x080045b4   0x00000018   Code   RO        22465    .text._ZN4mbed14BufferedSerial14disable_tx_irqEv  BUILD/NUCLEO_F411RE/ARMC6/mbed-os/drivers/source/BufferedSerial.o
    0x080045cc   0x00000032   Code   RO        22443    .text._ZN4mbed14BufferedSerial16write_unbufferedEPKcj  BUILD/NUCLEO_F411RE/ARMC6/mbed-os/drivers/source/BufferedSerial.o
    0x080045fe   0x00000002   PAD
    0x08004600   0x00000074   Code   RO        22453    .text._ZN4mbed14BufferedSerial4readEPvj  BUILD/NUCLEO_F411RE/ARMC6/mbed-os/drivers/source/BufferedSerial.o
    0x08004674   0x00000008   Code   RO        22429    .text._ZN4mbed14BufferedSerial4seekEli  BUILD/NUCLEO_F411RE/ARMC6/mbed-os/drivers/source/BufferedSerial.o
    0x0800467c   0x0000002e   Code   RO        22433    .text._ZN4mbed14BufferedSerial4syncEv  BUILD/NUCLEO_F411RE/ARMC6/mbed-os/drivers/source/BufferedSerial.o
    0x080046aa   0x00000004   Code   RO        22421    .text._ZN4mbed14BufferedSerial5closeEv  BUILD/NUCLEO_F411RE/ARMC6/mbed-os/drivers/source/BufferedSerial.o
    0x080046ae   0x00000036   Code   RO        22437    .text._ZN4mbed14BufferedSerial5sigioENS_8CallbackIFvvEEE  BUILD/NUCLEO_F411RE/ARMC6/mbed-os/drivers/source/BufferedSerial.o
    0x080046e4   0x0000009c   Code   RO        22447    .text._ZN4mbed14BufferedSerial5writeEPKvj  BUILD/NUCLEO_F411RE/ARMC6/mbed-os/drivers/source/BufferedSerial.o
    0x08004780   0x00000004   Code   RO        22425    .text._ZN4mbed14BufferedSerial6isattyEv  BUILD/NUCLEO_F411RE/ARMC6/mbed-os/drivers/source/BufferedSerial.o
    0x08004784   0x0000005c   Code   RO        22461    .text._ZN4mbed14BufferedSerial6rx_irqEv  BUILD/NUCLEO_F411RE/ARMC6/mbed-os/drivers/source/BufferedSerial.o
    0x080047e0   0x00000064   Code   RO        22445    .text._ZN4mbed14BufferedSerial6tx_irqEv  BUILD/NUCLEO_F411RE/ARMC6/mbed-os/drivers/source/BufferedSerial.o
    0x08004844   0x0000001c   Code   RO        22391    .text._ZN4mbed14BufferedSerialC2E7PinNameS1_i  BUILD/NUCLEO_F411RE/ARMC6/mbed-os/drivers/source/BufferedSerial.o
    0x08004860   0x0000000e   Code   RO        22401    .text._ZN4mbed14BufferedSerialD0Ev  BUILD/NUCLEO_F411RE/ARMC6/mbed-os/drivers/source/BufferedSerial.o
    0x0800486e   0x00000002   PAD
    0x08004870   0x00000034   Code   RO        22397    .text._ZN4mbed14BufferedSerialD2Ev  BUILD/NUCLEO_F411RE/ARMC6/mbed-os/drivers/source/BufferedSerial.o
    0x080048a4   0x00000042   Code   RO        22497    .text._ZN4mbed14CircularBufferIcLj256EjE3popERc  BUILD/NUCLEO_F411RE/ARMC6/mbed-os/drivers/source/BufferedSerial.o
    0x080048e6   0x00000046   Code   RO        22495    .text._ZN4mbed14CircularBufferIcLj256EjE4pushERKc  BUILD/NUCLEO_F411RE/ARMC6/mbed-os/drivers/source/BufferedSerial.o
    0x0800492c   0x00000070   Code   RO        26346    .text._ZN4mbed16mbed_file_handleEi  BUILD/NUCLEO_F411RE/ARMC6/mbed-os/platform/source/mbed_retarget.o
    0x0800499c   0x00000026   Code   RO        22790    .text._ZN4mbed4impl7MbedCRCILj79764919ELh32ELNS_7CrcModeE2EE20compute_partial_stopEPj  BUILD/NUCLEO_F411RE/ARMC6/mbed-os/drivers/source/MbedCRC.o
    0x080049c2   0x00000020   Code   RO        22788    .text._ZN4mbed4impl7MbedCRCILj79764919ELh32ELNS_7CrcModeE2EE7computeEPKvjPj  BUILD/NUCLEO_F411RE/ARMC6/mbed-os/drivers/source/MbedCRC.o
    0x080049e2   0x00000014   Code   RO        22852    .text._ZN4mbed6PwmOut15lock_deep_sleepEv  BUILD/NUCLEO_F411RE/ARMC6/mbed-os/drivers/source/PwmOut.o
    0x080049f6   0x00000026   Code   RO        22818    .text._ZN4mbed6PwmOut4initEv  BUILD/NUCLEO_F411RE/ARMC6/mbed-os/drivers/source/PwmOut.o
    0x08004a1c   0x00000024   Code   RO        22826    .text._ZN4mbed6PwmOut5writeEf  BUILD/NUCLEO_F411RE/ARMC6/mbed-os/drivers/source/PwmOut.o
    0x08004a40   0x00000024   Code   RO        22830    .text._ZN4mbed6PwmOut6periodEf  BUILD/NUCLEO_F411RE/ARMC6/mbed-os/drivers/source/PwmOut.o
    0x08004a64   0x0000001c   Code   RO        22816    .text._ZN4mbed6PwmOutC2E7PinName  BUILD/NUCLEO_F411RE/ARMC6/mbed-os/drivers/source/PwmOut.o
    0x08004a80   0x00000010   Code   RO        22384    .text._ZN4mbed8AnalogIn4lockEv  BUILD/NUCLEO_F411RE/ARMC6/mbed-os/drivers/source/AnalogIn.o
    0x08004a90   0x00000014   Code   RO        22386    .text._ZN4mbed8AnalogIn6unlockEv  BUILD/NUCLEO_F411RE/ARMC6/mbed-os/drivers/source/AnalogIn.o
    0x08004aa4   0x00000024   Code   RO        22360    .text._ZN4mbed8AnalogInC2E7PinNamef  BUILD/NUCLEO_F411RE/ARMC6/mbed-os/drivers/source/AnalogIn.o
    0x08004ac8   0x0000000e   Code   RO        22382    .text._ZN4mbed8AnalogInD0Ev  BUILD/NUCLEO_F411RE/ARMC6/mbed-os/drivers/source/AnalogIn.o
    0x08004ad6   0x00000002   PAD
    0x08004ad8   0x00000028   Code   RO        22380    .text._ZN4mbed8AnalogInD2Ev  BUILD/NUCLEO_F411RE/ARMC6/mbed-os/drivers/source/AnalogIn.o
    0x08004b00   0x00000004   Code   RO        22513    .text._ZN4mbed8CallbackIFvvEE11target_callIZNS2_C1IPNS_14BufferedSerialEMS5_FvvELi0EEET_T0_EUlvE_EEvPKNS_6detail12CallbackBaseE  BUILD/NUCLEO_F411RE/ARMC6/mbed-os/drivers/source/BufferedSerial.o
    0x08004b04   0x0000007c   Code   RO        25696    .text._ZN4mbed8FileBase6lookupEPKcj  BUILD/NUCLEO_F411RE/ARMC6/mbed-os/platform/source/FileBase.o
    0x08004b80   0x00000018   Code   RO        25727    .text._ZN4mbed8FilePath10fileSystemEv  BUILD/NUCLEO_F411RE/ARMC6/mbed-os/platform/source/FilePath.o
    0x08004b98   0x00000018   Code   RO        25725    .text._ZN4mbed8FilePath12isFileSystemEv  BUILD/NUCLEO_F411RE/ARMC6/mbed-os/platform/source/FilePath.o
    0x08004bb0   0x00000018   Code   RO        25731    .text._ZN4mbed8FilePath4fileEv  BUILD/NUCLEO_F411RE/ARMC6/mbed-os/platform/source/FilePath.o
    0x08004bc8   0x0000000a   Code   RO        25733    .text._ZN4mbed8FilePath6existsEv  BUILD/NUCLEO_F411RE/ARMC6/mbed-os/platform/source/FilePath.o
    0x08004bd2   0x00000016   Code   RO        25729    .text._ZN4mbed8FilePath6isFileEv  BUILD/NUCLEO_F411RE/ARMC6/mbed-os/platform/source/FilePath.o
    0x08004be8   0x0000003c   Code   RO        25721    .text._ZN4mbed8FilePathC2EPKc  BUILD/NUCLEO_F411RE/ARMC6/mbed-os/platform/source/FilePath.o
    0x08004c24   0x00000012   Code   RO        22519    .text._ZN4mstd4impl6INVOKEIN4mbed14BufferedSerialEFvvERKPS3_JEEENSt3__29enable_ifIXaaaasr3std11is_functionIT0_EE5valuentsr3std10is_base_ofIT_NS8_5decayIT1_E4typeEEE5valuentsr20is_reference_wrapperISF_EE5valueEDTcldsdeclsr3stdE7forwardISD_Efp0_Efp_spclsr3stdE7forwardIT2_Efp1_EEEE4typeEMSB_SA_OSD_DpOSG_  BUILD/NUCLEO_F411RE/ARMC6/mbed-os/drivers/source/BufferedSerial.o
    0x08004c36   0x0000000c   Code   RO        22517    .text._ZN4mstd6invokeIRKMN4mbed14BufferedSerialEFvvEJRKPS2_EEENS_13invoke_resultIT_JDpT0_EE4typeEOSB_DpOSC_  BUILD/NUCLEO_F411RE/ARMC6/mbed-os/drivers/source/BufferedSerial.o
    0x08004c42   0x00000008   Code   RO        26767    .text._ZN4rtos10ThisThread9sleep_forENSt3__26chrono8durationIjNS1_5ratioILx1ELx1000EEEEE  BUILD/NUCLEO_F411RE/ARMC6/mbed-os/rtos/source/ThisThread.o
    0x08004c4a   0x00000002   PAD
    0x08004c4c   0x00000044   Code   RO        26683    .text._ZN4rtos5Mutex11constructorEPKc  BUILD/NUCLEO_F411RE/ARMC6/mbed-os/rtos/source/Mutex.o
    0x08004c90   0x00000030   Code   RO        26687    .text._ZN4rtos5Mutex4lockEv  BUILD/NUCLEO_F411RE/ARMC6/mbed-os/rtos/source/Mutex.o
    0x08004cc0   0x0000002c   Code   RO        26699    .text._ZN4rtos5Mutex6unlockEv  BUILD/NUCLEO_F411RE/ARMC6/mbed-os/rtos/source/Mutex.o
    0x08004cec   0x0000000e   Code   RO        26681    .text._ZN4rtos5MutexC2Ev  BUILD/NUCLEO_F411RE/ARMC6/mbed-os/rtos/source/Mutex.o
    0x08004cfa   0x0000000e   Code   RO        26703    .text._ZN4rtos5MutexD2Ev  BUILD/NUCLEO_F411RE/ARMC6/mbed-os/rtos/source/Mutex.o
    0x08004d08   0x00000028   Code   RO        23093    .text._ZN6CThunkIN4mbed10SerialBaseEE10trampolineEP10CThunkBase  BUILD/NUCLEO_F411RE/ARMC6/mbed-os/drivers/source/SerialBase.o
    0x08004d30   0x00000014   Code   RO        23089    .text._ZN6CThunkIN4mbed10SerialBaseEED2Ev  BUILD/NUCLEO_F411RE/ARMC6/mbed-os/drivers/source/SerialBase.o
    0x08004d44   0x00000034   Code   RO        26336    .text._ZNK12DirectSerial4pollEs  BUILD/NUCLEO_F411RE/ARMC6/mbed-os/platform/source/mbed_retarget.o
    0x08004d78   0x00000022   Code   RO        21688    .text._ZNK12SingletonPtrIN4rtos5MutexEE3getEv  BUILD/NUCLEO_F411RE/ARMC6/mbed-os/connectivity/netsocket/source/nsapi_dns.o
    0x08004d9a   0x00000004   Code   RO        23273    .text._ZNK4mbed10FileHandle11is_blockingEv  BUILD/NUCLEO_F411RE/ARMC6/mbed-os/drivers/source/UnbufferedSerial.o
    0x08004d9e   0x00000006   Code   RO        22501    .text._ZNK4mbed14BufferedSerial11is_blockingEv  BUILD/NUCLEO_F411RE/ARMC6/mbed-os/drivers/source/BufferedSerial.o
    0x08004da4   0x00000018   Code   RO        22457    .text._ZNK4mbed14BufferedSerial3hupEv  BUILD/NUCLEO_F411RE/ARMC6/mbed-os/drivers/source/BufferedSerial.o
    0x08004dbc   0x0000002a   Code   RO        22439    .text._ZNK4mbed14BufferedSerial4pollEs  BUILD/NUCLEO_F411RE/ARMC6/mbed-os/drivers/source/BufferedSerial.o
    0x08004de6   0x00000024   Code   RO        22493    .text._ZNK4mbed14CircularBufferIcLj256EjE5emptyEv  BUILD/NUCLEO_F411RE/ARMC6/mbed-os/drivers/source/BufferedSerial.o
    0x08004e0a   0x00000002   PAD
    0x08004e0c   0x00000058   Code   RO        22792    .text._ZNK4mbed4impl7MbedCRCILj79764919ELh32ELNS_7CrcModeE2EE18do_compute_partialILS2_2EEENSt3__29enable_ifIXeqT_LS2_2EEiE4typeEPKhjPj  BUILD/NUCLEO_F411RE/ARMC6/mbed-os/drivers/source/MbedCRC.o
    0x08004e64   0x0000000c   Code   RO        22469    .text._ZThn228_N4mbed14BufferedSerial12enable_inputEb  BUILD/NUCLEO_F411RE/ARMC6/mbed-os/drivers/source/BufferedSerial.o
    0x08004e70   0x00000008   Code   RO        22509    .text._ZThn228_N4mbed14BufferedSerial12set_blockingEb  BUILD/NUCLEO_F411RE/ARMC6/mbed-os/drivers/source/BufferedSerial.o
    0x08004e78   0x0000000c   Code   RO        22473    .text._ZThn228_N4mbed14BufferedSerial13enable_outputEb  BUILD/NUCLEO_F411RE/ARMC6/mbed-os/drivers/source/BufferedSerial.o
    0x08004e84   0x00000006   Code   RO        22455    .text._ZThn228_N4mbed14BufferedSerial4readEPvj  BUILD/NUCLEO_F411RE/ARMC6/mbed-os/drivers/source/BufferedSerial.o
    0x08004e8a   0x00000002   PAD
    0x08004e8c   0x00000008   Code   RO        22431    .text._ZThn228_N4mbed14BufferedSerial4seekEli  BUILD/NUCLEO_F411RE/ARMC6/mbed-os/drivers/source/BufferedSerial.o
    0x08004e94   0x0000000c   Code   RO        22435    .text._ZThn228_N4mbed14BufferedSerial4syncEv  BUILD/NUCLEO_F411RE/ARMC6/mbed-os/drivers/source/BufferedSerial.o
    0x08004ea0   0x00000004   Code   RO        22423    .text._ZThn228_N4mbed14BufferedSerial5closeEv  BUILD/NUCLEO_F411RE/ARMC6/mbed-os/drivers/source/BufferedSerial.o
    0x08004ea4   0x0000000e   Code   RO        22441    .text._ZThn228_N4mbed14BufferedSerial5sigioENS_8CallbackIFvvEEE  BUILD/NUCLEO_F411RE/ARMC6/mbed-os/drivers/source/BufferedSerial.o
    0x08004eb2   0x00000006   Code   RO        22451    .text._ZThn228_N4mbed14BufferedSerial5writeEPKvj  BUILD/NUCLEO_F411RE/ARMC6/mbed-os/drivers/source/BufferedSerial.o
    0x08004eb8   0x00000004   Code   RO        22427    .text._ZThn228_N4mbed14BufferedSerial6isattyEv  BUILD/NUCLEO_F411RE/ARMC6/mbed-os/drivers/source/BufferedSerial.o
    0x08004ebc   0x00000006   Code   RO        22403    .text._ZThn228_N4mbed14BufferedSerialD0Ev  BUILD/NUCLEO_F411RE/ARMC6/mbed-os/drivers/source/BufferedSerial.o
    0x08004ec2   0x00000006   Code   RO        22399    .text._ZThn228_N4mbed14BufferedSerialD1Ev  BUILD/NUCLEO_F411RE/ARMC6/mbed-os/drivers/source/BufferedSerial.o
    0x08004ec8   0x00000006   Code   RO        22511    .text._ZThn228_NK4mbed14BufferedSerial11is_blockingEv  BUILD/NUCLEO_F411RE/ARMC6/mbed-os/drivers/source/BufferedSerial.o
    0x08004ece   0x00000008   Code   RO        22459    .text._ZThn228_NK4mbed14BufferedSerial4pollEs  BUILD/NUCLEO_F411RE/ARMC6/mbed-os/drivers/source/BufferedSerial.o
    0x08004ed6   0x00000008   Code   RO        22515    .text._ZZN4mbed8CallbackIFvvEEC1IPNS_14BufferedSerialEMS4_FvvELi0EEET_T0_ENKUlvE_clEv  BUILD/NUCLEO_F411RE/ARMC6/mbed-os/drivers/source/BufferedSerial.o
    0x08004ede   0x00000004   Code   RO        26424    .text._ZdlPv        BUILD/NUCLEO_F411RE/ARMC6/mbed-os/platform/source/mbed_retarget.o
    0x08004ee2   0x00000002   PAD
    0x08004ee4   0x0000001c   Code   RO        26478    .text._Znaj         BUILD/NUCLEO_F411RE/ARMC6/mbed-os/platform/source/mbed_retarget.o
    0x08004f00   0x00000020   Code   RO        26476    .text._Znwj         BUILD/NUCLEO_F411RE/ARMC6/mbed-os/platform/source/mbed_retarget.o
    0x08004f20   0x00000024   Code   RO        26213    .text.__NVIC_SystemReset  BUILD/NUCLEO_F411RE/ARMC6/mbed-os/platform/source/mbed_error.o
    0x08004f44   0x0000002e   Code   RO        26466    .text.__cxa_guard_acquire  BUILD/NUCLEO_F411RE/ARMC6/mbed-os/platform/source/mbed_retarget.o
    0x08004f72   0x0000000e   Code   RO        26472    .text.__cxa_guard_release  BUILD/NUCLEO_F411RE/ARMC6/mbed-os/platform/source/mbed_retarget.o
    0x08004f80   0x00000038   Code   RO          657    .text.__rt_entry    BUILD/NUCLEO_F411RE/ARMC6/mbed-os/cmsis/device/rtos/TOOLCHAIN_ARM_STD/mbed_boot_arm_std.o
    0x08004fb8   0x0000004c   Code   RO          661    .text.__user_perthread_libspace  BUILD/NUCLEO_F411RE/ARMC6/mbed-os/cmsis/device/rtos/TOOLCHAIN_ARM_STD/mbed_boot_arm_std.o
    0x08005004   0x00000004   Code   RO        26402    .text.__user_setup_stackheap  BUILD/NUCLEO_F411RE/ARMC6/mbed-os/platform/source/mbed_retarget.o
    0x08005008   0x00000030   Code   RO        25321    .text._gpio_init_out  BUILD/NUCLEO_F411RE/ARMC6/mbed-os/hal/source/mbed_gpio.o
    0x08005038   0x0000002c   Code   RO        26398    .text._mbed_user_setup_stackheap  BUILD/NUCLEO_F411RE/ARMC6/mbed-os/platform/source/mbed_retarget.o
    0x08005064   0x0000001a   Code   RO          667    .text._mutex_acquire  BUILD/NUCLEO_F411RE/ARMC6/mbed-os/cmsis/device/rtos/TOOLCHAIN_ARM_STD/mbed_boot_arm_std.o
    0x0800507e   0x00000002   PAD
    0x08005080   0x00000044   Code   RO          671    .text._mutex_free   BUILD/NUCLEO_F411RE/ARMC6/mbed-os/cmsis/device/rtos/TOOLCHAIN_ARM_STD/mbed_boot_arm_std.o
    0x080050c4   0x0000009c   Code   RO          665    .text._mutex_initialize  BUILD/NUCLEO_F411RE/ARMC6/mbed-os/cmsis/device/rtos/TOOLCHAIN_ARM_STD/mbed_boot_arm_std.o
    0x08005160   0x00000016   Code   RO          669    .text._mutex_release  BUILD/NUCLEO_F411RE/ARMC6/mbed-os/cmsis/device/rtos/TOOLCHAIN_ARM_STD/mbed_boot_arm_std.o
    0x08005176   0x00000004   Code   RO          237    .text._platform_post_stackheap_init  BUILD/NUCLEO_F411RE/ARMC6/mbed-os/cmsis/CMSIS_5/CMSIS/RTOS2/RTX/Source/rtx_lib.o
    0x0800517a   0x00000004   Code   RO        26366    .text._sys_close    BUILD/NUCLEO_F411RE/ARMC6/mbed-os/platform/source/mbed_retarget.o
    0x0800517e   0x00000002   Code   RO        26376    .text._sys_exit     BUILD/NUCLEO_F411RE/ARMC6/mbed-os/platform/source/mbed_retarget.o
    0x08005180   0x00000026   Code   RO        26396    .text._sys_flen     BUILD/NUCLEO_F411RE/ARMC6/mbed-os/platform/source/mbed_retarget.o
    0x080051a6   0x00000004   Code   RO        26384    .text._sys_istty    BUILD/NUCLEO_F411RE/ARMC6/mbed-os/platform/source/mbed_retarget.o
    0x080051aa   0x00000002   PAD
    0x080051ac   0x00000084   Code   RO        26360    .text._sys_open     BUILD/NUCLEO_F411RE/ARMC6/mbed-os/platform/source/mbed_retarget.o
    0x08005230   0x00000006   Code   RO        26386    .text._sys_seek     BUILD/NUCLEO_F411RE/ARMC6/mbed-os/platform/source/mbed_retarget.o
    0x08005236   0x00000002   PAD
    0x08005238   0x000000c0   Code   RO        26370    .text._sys_write    BUILD/NUCLEO_F411RE/ARMC6/mbed-os/platform/source/mbed_retarget.o
    0x080052f8   0x00000014   Code   RO        26378    .text._ttywrch      BUILD/NUCLEO_F411RE/ARMC6/mbed-os/platform/source/mbed_retarget.o
    0x0800530c   0x00000014   Code   RO        26583    .text._wait_us_ticks  BUILD/NUCLEO_F411RE/ARMC6/mbed-os/platform/source/mbed_wait_api_no_rtos.o
    0x08005320   0x00000040   Code   RO        31794    .text.analogin_init  BUILD/NUCLEO_F411RE/ARMC6/mbed-os/targets/TARGET_STM/TARGET_STM32F4/analogin_device.o
    0x08005360   0x000000a8   Code   RO        31792    .text.analogin_init_direct  BUILD/NUCLEO_F411RE/ARMC6/mbed-os/targets/TARGET_STM/TARGET_STM32F4/analogin_device.o
    0x08005408   0x00000002   Code   RO        25468    .text.block_us_ticker_free  BUILD/NUCLEO_F411RE/ARMC6/mbed-os/hal/source/mbed_us_ticker_api.o
    0x0800540a   0x00000002   PAD
    0x0800540c   0x00000038   Code   RO        26368    .text.close         BUILD/NUCLEO_F411RE/ARMC6/mbed-os/platform/source/mbed_retarget.o
    0x08005444   0x0000000c   Code   RO        26158    .text.core_util_are_interrupts_enabled  BUILD/NUCLEO_F411RE/ARMC6/mbed-os/platform/source/mbed_critical.o
    0x08005450   0x00000012   Code   RO        26061    .text.core_util_atomic_decr_u16  BUILD/NUCLEO_F411RE/ARMC6/mbed-os/platform/source/mbed_atomic_impl.o
    0x08005462   0x00000010   Code   RO        26047    .text.core_util_atomic_exchange_u8  BUILD/NUCLEO_F411RE/ARMC6/mbed-os/platform/source/mbed_atomic_impl.o
    0x08005472   0x00000014   Code   RO        26045    .text.core_util_atomic_flag_test_and_set  BUILD/NUCLEO_F411RE/ARMC6/mbed-os/platform/source/mbed_atomic_impl.o
    0x08005486   0x00000012   Code   RO        26055    .text.core_util_atomic_incr_u16  BUILD/NUCLEO_F411RE/ARMC6/mbed-os/platform/source/mbed_atomic_impl.o
    0x08005498   0x00000010   Code   RO        26164    .text.core_util_critical_section_enter  BUILD/NUCLEO_F411RE/ARMC6/mbed-os/platform/source/mbed_critical.o
    0x080054a8   0x00000018   Code   RO        26166    .text.core_util_critical_section_exit  BUILD/NUCLEO_F411RE/ARMC6/mbed-os/platform/source/mbed_critical.o
    0x080054c0   0x00000004   Code   RO        26162    .text.core_util_in_critical_section  BUILD/NUCLEO_F411RE/ARMC6/mbed-os/platform/source/mbed_critical.o
    0x080054c4   0x0000000c   Code   RO        26160    .text.core_util_is_isr_active  BUILD/NUCLEO_F411RE/ARMC6/mbed-os/platform/source/mbed_critical.o
    0x080054d0   0x00000020   Code   RO        26171    .text.error         BUILD/NUCLEO_F411RE/ARMC6/mbed-os/platform/source/mbed_error.o
    0x080054f0   0x0000002c   Code   RO        26442    .text.exit          BUILD/NUCLEO_F411RE/ARMC6/mbed-os/platform/source/mbed_retarget.o
    0x0800551c   0x00000028   Code   RO        26394    .text.fsync         BUILD/NUCLEO_F411RE/ARMC6/mbed-os/platform/source/mbed_retarget.o
    0x08005544   0x00000030   Code   RO        32172    .text.get_uart_index  BUILD/NUCLEO_F411RE/ARMC6/mbed-os/targets/TARGET_STM/serial_api.o
    0x08005574   0x0000002a   Code   RO        31899    .text.gpio_dir      BUILD/NUCLEO_F411RE/ARMC6/mbed-os/targets/TARGET_STM/gpio_api.o
    0x0800559e   0x00000002   PAD
    0x080055a0   0x00000044   Code   RO        31895    .text.gpio_init     BUILD/NUCLEO_F411RE/ARMC6/mbed-os/targets/TARGET_STM/gpio_api.o
    0x080055e4   0x00000006   Code   RO        25317    .text.gpio_init_out  BUILD/NUCLEO_F411RE/ARMC6/mbed-os/hal/source/mbed_gpio.o
    0x080055ea   0x00000008   Code   RO        25319    .text.gpio_init_out_ex  BUILD/NUCLEO_F411RE/ARMC6/mbed-os/hal/source/mbed_gpio.o
    0x080055f2   0x00000008   Code   RO        31897    .text.gpio_mode     BUILD/NUCLEO_F411RE/ARMC6/mbed-os/targets/TARGET_STM/gpio_api.o
    0x080055fa   0x00000018   Code   RO        31893    .text.gpio_set      BUILD/NUCLEO_F411RE/ARMC6/mbed-os/targets/TARGET_STM/gpio_api.o
    0x08005612   0x00000014   Code   RO        25309    .text.gpio_write    BUILD/NUCLEO_F411RE/ARMC6/mbed-os/hal/source/mbed_gpio.o
    0x08005626   0x00000002   PAD
    0x08005628   0x00000018   Code   RO        25296    .text.hal_critical_section_enter  BUILD/NUCLEO_F411RE/ARMC6/mbed-os/hal/source/mbed_critical_section_api.o
    0x08005640   0x00000010   Code   RO        25298    .text.hal_critical_section_exit  BUILD/NUCLEO_F411RE/ARMC6/mbed-os/hal/source/mbed_critical_section_api.o
    0x08005650   0x00000114   Code   RO        32210    .text.hal_deepsleep  BUILD/NUCLEO_F411RE/ARMC6/mbed-os/targets/TARGET_STM/sleep.o
    0x08005764   0x0000000c   Code   RO        25300    .text.hal_in_critical_section  BUILD/NUCLEO_F411RE/ARMC6/mbed-os/hal/source/mbed_critical_section_api.o
    0x08005770   0x00000020   Code   RO        32208    .text.hal_sleep     BUILD/NUCLEO_F411RE/ARMC6/mbed-os/targets/TARGET_STM/sleep.o
    0x08005790   0x0000008c   Code   RO        26173    .text.handle_error  BUILD/NUCLEO_F411RE/ARMC6/mbed-os/platform/source/mbed_error.o
    0x0800581c   0x000000ac   Code   RO        32302    .text.init_32bit_timer  BUILD/NUCLEO_F411RE/ARMC6/mbed-os/targets/TARGET_STM/us_ticker.o
    0x080058c8   0x00000060   Code   RO        32174    .text.init_uart     BUILD/NUCLEO_F411RE/ARMC6/mbed-os/targets/TARGET_STM/serial_api.o
    0x08005928   0x00000028   Code   RO        26354    .text.isatty        BUILD/NUCLEO_F411RE/ARMC6/mbed-os/platform/source/mbed_retarget.o
    0x08005950   0x0000002a   Code   RO        26388    .text.lseek         BUILD/NUCLEO_F411RE/ARMC6/mbed-os/platform/source/mbed_retarget.o
    0x0800597a   0x00000006   PAD
    0x08005980   0x000000c8   Code   RO            5    .text.main          BUILD/NUCLEO_F411RE/ARMC6/main.o
    0x08005a48   0x00000064   Code   RO        26147    .text.mbed_die      BUILD/NUCLEO_F411RE/ARMC6/mbed-os/platform/source/mbed_board.o
    0x08005aac   0x00000068   Code   RO        26193    .text.mbed_error    BUILD/NUCLEO_F411RE/ARMC6/mbed-os/platform/source/mbed_error.o
    0x08005b14   0x00000068   Code   RO        26181    .text.mbed_error_initialize  BUILD/NUCLEO_F411RE/ARMC6/mbed-os/platform/source/mbed_error.o
    0x08005b7c   0x00000018   Code   RO        26149    .text.mbed_error_printf  BUILD/NUCLEO_F411RE/ARMC6/mbed-os/platform/source/mbed_board.o
    0x08005b94   0x0000004c   Code   RO        26153    .text.mbed_error_puts  BUILD/NUCLEO_F411RE/ARMC6/mbed-os/platform/source/mbed_board.o
    0x08005be0   0x00000034   Code   RO        26151    .text.mbed_error_vprintf  BUILD/NUCLEO_F411RE/ARMC6/mbed-os/platform/source/mbed_board.o
    0x08005c14   0x000000f4   Code   RO        26024    .text.mbed_fault_handler  BUILD/NUCLEO_F411RE/ARMC6/mbed-os/platform/source/TARGET_CORTEX_M/mbed_fault_handler.o
    0x08005d08   0x0000000c   Code   RO        26189    .text.mbed_get_error_in_progress  BUILD/NUCLEO_F411RE/ARMC6/mbed-os/platform/source/mbed_error.o
    0x08005d14   0x00000030   Code   RO        26175    .text.mbed_halt_system  BUILD/NUCLEO_F411RE/ARMC6/mbed-os/platform/source/mbed_error.o
    0x08005d44   0x0000003c   Code   RO          679    .text.mbed_init     BUILD/NUCLEO_F411RE/ARMC6/mbed-os/cmsis/device/rtos/source/mbed_boot.o
    0x08005d80   0x0000005c   Code   RO        25476    .text.mbed_mpu_init  BUILD/NUCLEO_F411RE/ARMC6/mbed-os/hal/source/mpu/mbed_mpu_v7m.o
    0x08005ddc   0x00000004   Code   RO          695    .text.mbed_rtos_init  BUILD/NUCLEO_F411RE/ARMC6/mbed-os/cmsis/device/rtos/source/mbed_rtos_rtx.o
    0x08005de0   0x00000024   Code   RO          699    .text.mbed_rtos_init_singleton_mutex  BUILD/NUCLEO_F411RE/ARMC6/mbed-os/cmsis/device/rtos/source/mbed_rtos_rtx.o
    0x08005e04   0x00000068   Code   RO          697    .text.mbed_rtos_start  BUILD/NUCLEO_F411RE/ARMC6/mbed-os/cmsis/device/rtos/source/mbed_rtos_rtx.o
    0x08005e6c   0x00000038   Code   RO        32073    .text.mbed_sdk_init  BUILD/NUCLEO_F411RE/ARMC6/mbed-os/targets/TARGET_STM/mbed_overrides.o
    0x08005ea4   0x0000001e   Code   RO          683    .text.mbed_start    BUILD/NUCLEO_F411RE/ARMC6/mbed-os/cmsis/device/rtos/source/mbed_boot.o
    0x08005ec2   0x0000001e   Code   RO        22779    .text.mbed_tiny_compute_crc32  BUILD/NUCLEO_F411RE/ARMC6/mbed-os/drivers/source/MbedCRC.o
    0x08005ee0   0x00000018   Code   RO          659    .text.mbed_toolchain_init  BUILD/NUCLEO_F411RE/ARMC6/mbed-os/cmsis/device/rtos/TOOLCHAIN_ARM_STD/mbed_boot_arm_std.o
    0x08005ef8   0x00000084   Code   RO        26362    .text.open          BUILD/NUCLEO_F411RE/ARMC6/mbed-os/platform/source/mbed_retarget.o
    0x08005f7c   0x00000030   Code   RO           89    .text.osDelay       BUILD/NUCLEO_F411RE/ARMC6/mbed-os/cmsis/CMSIS_5/CMSIS/RTOS2/RTX/Source/rtx_delay.o
    0x08005fac   0x00000030   Code   RO          177    .text.osKernelGetState  BUILD/NUCLEO_F411RE/ARMC6/mbed-os/cmsis/CMSIS_5/CMSIS/RTOS2/RTX/Source/rtx_kernel.o
    0x08005fdc   0x0000002c   Code   RO          171    .text.osKernelInitialize  BUILD/NUCLEO_F411RE/ARMC6/mbed-os/cmsis/CMSIS_5/CMSIS/RTOS2/RTX/Source/rtx_kernel.o
    0x08006008   0x00000028   Code   RO          181    .text.osKernelStart  BUILD/NUCLEO_F411RE/ARMC6/mbed-os/cmsis/CMSIS_5/CMSIS/RTOS2/RTX/Source/rtx_kernel.o
    0x08006030   0x00000070   Code   RO          320    .text.osMessageQueueGet  BUILD/NUCLEO_F411RE/ARMC6/mbed-os/cmsis/CMSIS_5/CMSIS/RTOS2/RTX/Source/rtx_msgqueue.o
    0x080060a0   0x0000007c   Code   RO          318    .text.osMessageQueuePut  BUILD/NUCLEO_F411RE/ARMC6/mbed-os/cmsis/CMSIS_5/CMSIS/RTOS2/RTX/Source/rtx_msgqueue.o
    0x0800611c   0x0000002c   Code   RO          374    .text.osMutexAcquire  BUILD/NUCLEO_F411RE/ARMC6/mbed-os/cmsis/CMSIS_5/CMSIS/RTOS2/RTX/Source/rtx_mutex.o
    0x08006148   0x0000002c   Code   RO          380    .text.osMutexDelete  BUILD/NUCLEO_F411RE/ARMC6/mbed-os/cmsis/CMSIS_5/CMSIS/RTOS2/RTX/Source/rtx_mutex.o
    0x08006174   0x00000034   Code   RO          370    .text.osMutexNew    BUILD/NUCLEO_F411RE/ARMC6/mbed-os/cmsis/CMSIS_5/CMSIS/RTOS2/RTX/Source/rtx_mutex.o
    0x080061a8   0x0000002c   Code   RO          376    .text.osMutexRelease  BUILD/NUCLEO_F411RE/ARMC6/mbed-os/cmsis/CMSIS_5/CMSIS/RTOS2/RTX/Source/rtx_mutex.o
    0x080061d4   0x00000050   Code   RO          714    .text.osRtxErrorNotify  BUILD/NUCLEO_F411RE/ARMC6/mbed-os/cmsis/device/rtos/source/mbed_rtx_handlers.o
    0x08006224   0x00000004   Code   RO          712    .text.osRtxIdleThread  BUILD/NUCLEO_F411RE/ARMC6/mbed-os/cmsis/device/rtos/source/mbed_rtx_handlers.o
    0x08006228   0x00000016   Code   RO          169    .text.osRtxKernelErrorNotify  BUILD/NUCLEO_F411RE/ARMC6/mbed-os/cmsis/CMSIS_5/CMSIS/RTOS2/RTX/Source/rtx_kernel.o
    0x0800623e   0x0000006c   Code   RO          256    .text.osRtxMemoryAlloc  BUILD/NUCLEO_F411RE/ARMC6/mbed-os/cmsis/CMSIS_5/CMSIS/RTOS2/RTX/Source/rtx_memory.o
    0x080062aa   0x00000042   Code   RO          258    .text.osRtxMemoryFree  BUILD/NUCLEO_F411RE/ARMC6/mbed-os/cmsis/CMSIS_5/CMSIS/RTOS2/RTX/Source/rtx_memory.o
    0x080062ec   0x00000036   Code   RO          254    .text.osRtxMemoryInit  BUILD/NUCLEO_F411RE/ARMC6/mbed-os/cmsis/CMSIS_5/CMSIS/RTOS2/RTX/Source/rtx_memory.o
    0x08006322   0x0000003a   Code   RO          264    .text.osRtxMemoryPoolAlloc  BUILD/NUCLEO_F411RE/ARMC6/mbed-os/cmsis/CMSIS_5/CMSIS/RTOS2/RTX/Source/rtx_mempool.o
    0x0800635c   0x0000004a   Code   RO          266    .text.osRtxMemoryPoolFree  BUILD/NUCLEO_F411RE/ARMC6/mbed-os/cmsis/CMSIS_5/CMSIS/RTOS2/RTX/Source/rtx_mempool.o
    0x080063a6   0x00000038   Code   RO          262    .text.osRtxMemoryPoolInit  BUILD/NUCLEO_F411RE/ARMC6/mbed-os/cmsis/CMSIS_5/CMSIS/RTOS2/RTX/Source/rtx_mempool.o
    0x080063de   0x000000aa   Code   RO          342    .text.osRtxMessageQueuePostProcess  BUILD/NUCLEO_F411RE/ARMC6/mbed-os/cmsis/CMSIS_5/CMSIS/RTOS2/RTX/Source/rtx_msgqueue.o
    0x08006488   0x00000024   Code   RO          310    .text.osRtxMessageQueueTimerSetup  BUILD/NUCLEO_F411RE/ARMC6/mbed-os/cmsis/CMSIS_5/CMSIS/RTOS2/RTX/Source/rtx_msgqueue.o
    0x080064ac   0x00000048   Code   RO          366    .text.osRtxMutexOwnerRelease  BUILD/NUCLEO_F411RE/ARMC6/mbed-os/cmsis/CMSIS_5/CMSIS/RTOS2/RTX/Source/rtx_mutex.o
    0x080064f4   0x00000048   Code   RO          368    .text.osRtxMutexOwnerRestore  BUILD/NUCLEO_F411RE/ARMC6/mbed-os/cmsis/CMSIS_5/CMSIS/RTOS2/RTX/Source/rtx_mutex.o
    0x0800653c   0x00000088   Code   RO          438    .text.osRtxPendSV_Handler  BUILD/NUCLEO_F411RE/ARMC6/mbed-os/cmsis/CMSIS_5/CMSIS/RTOS2/RTX/Source/rtx_system.o
    0x080065c4   0x00000070   Code   RO          440    .text.osRtxPostProcess  BUILD/NUCLEO_F411RE/ARMC6/mbed-os/cmsis/CMSIS_5/CMSIS/RTOS2/RTX/Source/rtx_system.o
    0x08006634   0x00000034   Code   RO          464    .text.osRtxThreadBlock  BUILD/NUCLEO_F411RE/ARMC6/mbed-os/cmsis/CMSIS_5/CMSIS/RTOS2/RTX/Source/rtx_thread.o
    0x08006668   0x0000007c   Code   RO          472    .text.osRtxThreadDelayInsert  BUILD/NUCLEO_F411RE/ARMC6/mbed-os/cmsis/CMSIS_5/CMSIS/RTOS2/RTX/Source/rtx_thread.o
    0x080066e4   0x0000003c   Code   RO          468    .text.osRtxThreadDelayRemove  BUILD/NUCLEO_F411RE/ARMC6/mbed-os/cmsis/CMSIS_5/CMSIS/RTOS2/RTX/Source/rtx_thread.o
    0x08006720   0x00000048   Code   RO          454    .text.osRtxThreadDelayTick  BUILD/NUCLEO_F411RE/ARMC6/mbed-os/cmsis/CMSIS_5/CMSIS/RTOS2/RTX/Source/rtx_thread.o
    0x08006768   0x00000020   Code   RO          556    .text.osRtxThreadDestroy  BUILD/NUCLEO_F411RE/ARMC6/mbed-os/cmsis/CMSIS_5/CMSIS/RTOS2/RTX/Source/rtx_thread.o
    0x08006788   0x00000050   Code   RO          462    .text.osRtxThreadDispatch  BUILD/NUCLEO_F411RE/ARMC6/mbed-os/cmsis/CMSIS_5/CMSIS/RTOS2/RTX/Source/rtx_thread.o
    0x080067d8   0x00000058   Code   RO          548    .text.osRtxThreadFree  BUILD/NUCLEO_F411RE/ARMC6/mbed-os/cmsis/CMSIS_5/CMSIS/RTOS2/RTX/Source/rtx_thread.o
    0x08006830   0x0000001e   Code   RO          554    .text.osRtxThreadJoinWakeup  BUILD/NUCLEO_F411RE/ARMC6/mbed-os/cmsis/CMSIS_5/CMSIS/RTOS2/RTX/Source/rtx_thread.o
    0x0800684e   0x00000012   Code   RO          446    .text.osRtxThreadListGet  BUILD/NUCLEO_F411RE/ARMC6/mbed-os/cmsis/CMSIS_5/CMSIS/RTOS2/RTX/Source/rtx_thread.o
    0x08006860   0x0000002c   Code   RO          444    .text.osRtxThreadListPut  BUILD/NUCLEO_F411RE/ARMC6/mbed-os/cmsis/CMSIS_5/CMSIS/RTOS2/RTX/Source/rtx_thread.o
    0x0800688c   0x00000014   Code   RO          450    .text.osRtxThreadListRemove  BUILD/NUCLEO_F411RE/ARMC6/mbed-os/cmsis/CMSIS_5/CMSIS/RTOS2/RTX/Source/rtx_thread.o
    0x080068a0   0x0000000c   Code   RO          456    .text.osRtxThreadListRoot  BUILD/NUCLEO_F411RE/ARMC6/mbed-os/cmsis/CMSIS_5/CMSIS/RTOS2/RTX/Source/rtx_thread.o
    0x080068ac   0x00000026   Code   RO          448    .text.osRtxThreadListSort  BUILD/NUCLEO_F411RE/ARMC6/mbed-os/cmsis/CMSIS_5/CMSIS/RTOS2/RTX/Source/rtx_thread.o
    0x080068d2   0x00000020   Code   RO          522    .text.osRtxThreadPostProcess  BUILD/NUCLEO_F411RE/ARMC6/mbed-os/cmsis/CMSIS_5/CMSIS/RTOS2/RTX/Source/rtx_thread.o
    0x080068f2   0x00000002   PAD
    0x080068f4   0x00000014   Code   RO          452    .text.osRtxThreadReadyPut  BUILD/NUCLEO_F411RE/ARMC6/mbed-os/cmsis/CMSIS_5/CMSIS/RTOS2/RTX/Source/rtx_thread.o
    0x08006908   0x00000014   Code   RO          458    .text.osRtxThreadRegPtr  BUILD/NUCLEO_F411RE/ARMC6/mbed-os/cmsis/CMSIS_5/CMSIS/RTOS2/RTX/Source/rtx_thread.o
    0x0800691c   0x00000038   Code   RO          474    .text.osRtxThreadStartup  BUILD/NUCLEO_F411RE/ARMC6/mbed-os/cmsis/CMSIS_5/CMSIS/RTOS2/RTX/Source/rtx_thread.o
    0x08006954   0x0000000c   Code   RO          460    .text.osRtxThreadSwitch  BUILD/NUCLEO_F411RE/ARMC6/mbed-os/cmsis/CMSIS_5/CMSIS/RTOS2/RTX/Source/rtx_thread.o
    0x08006960   0x0000003c   Code   RO          470    .text.osRtxThreadWaitEnter  BUILD/NUCLEO_F411RE/ARMC6/mbed-os/cmsis/CMSIS_5/CMSIS/RTOS2/RTX/Source/rtx_thread.o
    0x0800699c   0x00000030   Code   RO          466    .text.osRtxThreadWaitExit  BUILD/NUCLEO_F411RE/ARMC6/mbed-os/cmsis/CMSIS_5/CMSIS/RTOS2/RTX/Source/rtx_thread.o
    0x080069cc   0x00000078   Code   RO          436    .text.osRtxTick_Handler  BUILD/NUCLEO_F411RE/ARMC6/mbed-os/cmsis/CMSIS_5/CMSIS/RTOS2/RTX/Source/rtx_system.o
    0x08006a44   0x00000020   Code   RO          596    .text.osRtxTimerSetup  BUILD/NUCLEO_F411RE/ARMC6/mbed-os/cmsis/CMSIS_5/CMSIS/RTOS2/RTX/Source/rtx_timer.o
    0x08006a64   0x00000020   Code   RO          600    .text.osRtxTimerThread  BUILD/NUCLEO_F411RE/ARMC6/mbed-os/cmsis/CMSIS_5/CMSIS/RTOS2/RTX/Source/rtx_timer.o
    0x08006a84   0x00000070   Code   RO          598    .text.osRtxTimerTick  BUILD/NUCLEO_F411RE/ARMC6/mbed-os/cmsis/CMSIS_5/CMSIS/RTOS2/RTX/Source/rtx_timer.o
    0x08006af4   0x0000001c   Code   RO          506    .text.osThreadExit  BUILD/NUCLEO_F411RE/ARMC6/mbed-os/cmsis/CMSIS_5/CMSIS/RTOS2/RTX/Source/rtx_thread.o
    0x08006b10   0x00000028   Code   RO          482    .text.osThreadGetId  BUILD/NUCLEO_F411RE/ARMC6/mbed-os/cmsis/CMSIS_5/CMSIS/RTOS2/RTX/Source/rtx_thread.o
    0x08006b38   0x00000034   Code   RO          478    .text.osThreadNew   BUILD/NUCLEO_F411RE/ARMC6/mbed-os/cmsis/CMSIS_5/CMSIS/RTOS2/RTX/Source/rtx_thread.o
    0x08006b6c   0x00000020   Code   RO          663    .text.os_kernel_is_active  BUILD/NUCLEO_F411RE/ARMC6/mbed-os/cmsis/device/rtos/TOOLCHAIN_ARM_STD/mbed_boot_arm_std.o
    0x08006b8c   0x000000e0   Code   RO        32079    .text.pin_function  BUILD/NUCLEO_F411RE/ARMC6/mbed-os/targets/TARGET_STM/pinmap.o
    0x08006c6c   0x00000078   Code   RO        32083    .text.pin_mode      BUILD/NUCLEO_F411RE/ARMC6/mbed-os/targets/TARGET_STM/pinmap.o
    0x08006ce4   0x00000022   Code   RO        25385    .text.pinmap_find_function  BUILD/NUCLEO_F411RE/ARMC6/mbed-os/hal/source/mbed_pinmap_common.o
    0x08006d06   0x00000022   Code   RO        25381    .text.pinmap_find_peripheral  BUILD/NUCLEO_F411RE/ARMC6/mbed-os/hal/source/mbed_pinmap_common.o
    0x08006d28   0x00000024   Code   RO        25379    .text.pinmap_merge  BUILD/NUCLEO_F411RE/ARMC6/mbed-os/hal/source/mbed_pinmap_common.o
    0x08006d4c   0x00000028   Code   RO        25383    .text.pinmap_peripheral  BUILD/NUCLEO_F411RE/ARMC6/mbed-os/hal/source/mbed_pinmap_common.o
    0x08006d74   0x0000015c   Code   RO        26026    .text.print_context_info  BUILD/NUCLEO_F411RE/ARMC6/mbed-os/platform/source/TARGET_CORTEX_M/mbed_fault_handler.o
    0x08006ed0   0x00000030   Code   RO        32108    .text.pwmout_init   BUILD/NUCLEO_F411RE/ARMC6/mbed-os/targets/TARGET_STM/pwmout_api.o
    0x08006f00   0x0000013c   Code   RO        32104    .text.pwmout_init_direct  BUILD/NUCLEO_F411RE/ARMC6/mbed-os/targets/TARGET_STM/pwmout_api.o
    0x0800703c   0x00000018   Code   RO        32116    .text.pwmout_period  BUILD/NUCLEO_F411RE/ARMC6/mbed-os/targets/TARGET_STM/pwmout_api.o
    0x08007054   0x00000128   Code   RO        32106    .text.pwmout_period_us  BUILD/NUCLEO_F411RE/ARMC6/mbed-os/targets/TARGET_STM/pwmout_api.o
    0x0800717c   0x00000038   Code   RO        32114    .text.pwmout_read   BUILD/NUCLEO_F411RE/ARMC6/mbed-os/targets/TARGET_STM/pwmout_api.o
    0x080071b4   0x00000004   PAD
    0x080071b8   0x0000011c   Code   RO        32112    .text.pwmout_write  BUILD/NUCLEO_F411RE/ARMC6/mbed-os/targets/TARGET_STM/pwmout_api.o
    0x080072d4   0x00000014   Code   RO        32318    .text.restore_timer_ctx  BUILD/NUCLEO_F411RE/ARMC6/mbed-os/targets/TARGET_STM/us_ticker.o
    0x080072e8   0x0000000c   Code   RO          727    .text.rtos_idle_loop  BUILD/NUCLEO_F411RE/ARMC6/mbed-os/cmsis/device/rtos/source/mbed_rtx_idle.o
    0x080072f4   0x0000001c   Code   RO        32316    .text.save_timer_ctx  BUILD/NUCLEO_F411RE/ARMC6/mbed-os/targets/TARGET_STM/us_ticker.o
    0x08007310   0x000000ca   Code   RO        25430    .text.schedule_interrupt  BUILD/NUCLEO_F411RE/ARMC6/mbed-os/hal/source/mbed_ticker_api.o
    0x080073da   0x00000006   Code   RO        32180    .text.serial_baud   BUILD/NUCLEO_F411RE/ARMC6/mbed-os/targets/TARGET_STM/serial_api.o
    0x080073e0   0x000000b4   Code   RO        32178    .text.serial_free   BUILD/NUCLEO_F411RE/ARMC6/mbed-os/targets/TARGET_STM/serial_api.o
    0x08007494   0x0000003c   Code   RO        31840    .text.serial_getc   BUILD/NUCLEO_F411RE/ARMC6/mbed-os/targets/TARGET_STM/TARGET_STM32F4/serial_device.o
    0x080074d0   0x000000c8   Code   RO        32176    .text.serial_init   BUILD/NUCLEO_F411RE/ARMC6/mbed-os/targets/TARGET_STM/serial_api.o
    0x08007598   0x000000d8   Code   RO        32170    .text.serial_init_direct  BUILD/NUCLEO_F411RE/ARMC6/mbed-os/targets/TARGET_STM/serial_api.o
    0x08007670   0x00000014   Code   RO        31830    .text.serial_irq_handler  BUILD/NUCLEO_F411RE/ARMC6/mbed-os/targets/TARGET_STM/TARGET_STM32F4/serial_device.o
    0x08007684   0x000000c0   Code   RO        31832    .text.serial_irq_set  BUILD/NUCLEO_F411RE/ARMC6/mbed-os/targets/TARGET_STM/TARGET_STM32F4/serial_device.o
    0x08007744   0x00000044   Code   RO        32200    .text.serial_is_tx_ongoing  BUILD/NUCLEO_F411RE/ARMC6/mbed-os/targets/TARGET_STM/serial_api.o
    0x08007788   0x00000024   Code   RO        31842    .text.serial_putc   BUILD/NUCLEO_F411RE/ARMC6/mbed-os/targets/TARGET_STM/TARGET_STM32F4/serial_device.o
    0x080077ac   0x0000002c   Code   RO        32192    .text.serial_readable  BUILD/NUCLEO_F411RE/ARMC6/mbed-os/targets/TARGET_STM/serial_api.o
    0x080077d8   0x00000018   Code   RO        32194    .text.serial_writable  BUILD/NUCLEO_F411RE/ARMC6/mbed-os/targets/TARGET_STM/serial_api.o
    0x080077f0   0x00000024   Code   RO        26311    .text.sleep_manager_lock_deep_sleep_internal  BUILD/NUCLEO_F411RE/ARMC6/mbed-os/platform/source/mbed_power_mgmt.o
    0x08007814   0x00000020   Code   RO        26319    .text.sleep_manager_sleep_auto  BUILD/NUCLEO_F411RE/ARMC6/mbed-os/platform/source/mbed_power_mgmt.o
    0x08007834   0x00000030   Code   RO        26313    .text.sleep_manager_unlock_deep_sleep_internal  BUILD/NUCLEO_F411RE/ARMC6/mbed-os/platform/source/mbed_power_mgmt.o
    0x08007864   0x0000003a   Code   RO        32081    .text.stm_pin_PullConfig  BUILD/NUCLEO_F411RE/ARMC6/mbed-os/targets/TARGET_STM/pinmap.o
    0x0800789e   0x00000026   Code   RO           93    .text.svcRtxDelay   BUILD/NUCLEO_F411RE/ARMC6/mbed-os/cmsis/CMSIS_5/CMSIS/RTOS2/RTX/Source/rtx_delay.o
    0x080078c4   0x00000008   Code   RO          179    .text.svcRtxKernelGetState  BUILD/NUCLEO_F411RE/ARMC6/mbed-os/cmsis/CMSIS_5/CMSIS/RTOS2/RTX/Source/rtx_kernel.o
    0x080078cc   0x000000f8   Code   RO          209    .text.svcRtxKernelInitialize  BUILD/NUCLEO_F411RE/ARMC6/mbed-os/cmsis/CMSIS_5/CMSIS/RTOS2/RTX/Source/rtx_kernel.o
    0x080079c4   0x00000098   Code   RO          211    .text.svcRtxKernelStart  BUILD/NUCLEO_F411RE/ARMC6/mbed-os/cmsis/CMSIS_5/CMSIS/RTOS2/RTX/Source/rtx_kernel.o
    0x08007a5c   0x000000d0   Code   RO          354    .text.svcRtxMessageQueueGet  BUILD/NUCLEO_F411RE/ARMC6/mbed-os/cmsis/CMSIS_5/CMSIS/RTOS2/RTX/Source/rtx_msgqueue.o
    0x08007b2c   0x00000134   Code   RO          312    .text.svcRtxMessageQueueNew  BUILD/NUCLEO_F411RE/ARMC6/mbed-os/cmsis/CMSIS_5/CMSIS/RTOS2/RTX/Source/rtx_msgqueue.o
    0x08007c60   0x000000bc   Code   RO          350    .text.svcRtxMessageQueuePut  BUILD/NUCLEO_F411RE/ARMC6/mbed-os/cmsis/CMSIS_5/CMSIS/RTOS2/RTX/Source/rtx_msgqueue.o
    0x08007d1c   0x000000a0   Code   RO          386    .text.svcRtxMutexAcquire  BUILD/NUCLEO_F411RE/ARMC6/mbed-os/cmsis/CMSIS_5/CMSIS/RTOS2/RTX/Source/rtx_mutex.o
    0x08007dbc   0x000000ac   Code   RO          392    .text.svcRtxMutexDelete  BUILD/NUCLEO_F411RE/ARMC6/mbed-os/cmsis/CMSIS_5/CMSIS/RTOS2/RTX/Source/rtx_mutex.o
    0x08007e68   0x00000078   Code   RO          382    .text.svcRtxMutexNew  BUILD/NUCLEO_F411RE/ARMC6/mbed-os/cmsis/CMSIS_5/CMSIS/RTOS2/RTX/Source/rtx_mutex.o
    0x08007ee0   0x000000c4   Code   RO          388    .text.svcRtxMutexRelease  BUILD/NUCLEO_F411RE/ARMC6/mbed-os/cmsis/CMSIS_5/CMSIS/RTOS2/RTX/Source/rtx_mutex.o
    0x08007fa4   0x00000048   Code   RO          552    .text.svcRtxThreadExit  BUILD/NUCLEO_F411RE/ARMC6/mbed-os/cmsis/CMSIS_5/CMSIS/RTOS2/RTX/Source/rtx_thread.o
    0x08007fec   0x0000000c   Code   RO          484    .text.svcRtxThreadGetId  BUILD/NUCLEO_F411RE/ARMC6/mbed-os/cmsis/CMSIS_5/CMSIS/RTOS2/RTX/Source/rtx_thread.o
    0x08007ff8   0x00000210   Code   RO          476    .text.svcRtxThreadNew  BUILD/NUCLEO_F411RE/ARMC6/mbed-os/cmsis/CMSIS_5/CMSIS/RTOS2/RTX/Source/rtx_thread.o
    0x08008208   0x00000004   Code   RO        26195    .text.system_reset  BUILD/NUCLEO_F411RE/ARMC6/mbed-os/platform/source/mbed_error.o
    0x0800820c   0x00000004   Code   RO        26573    .text.thread_sleep_for  BUILD/NUCLEO_F411RE/ARMC6/mbed-os/platform/source/mbed_thread.o
    0x08008210   0x0000005e   Code   RO        25426    .text.ticker_irq_handler  BUILD/NUCLEO_F411RE/ARMC6/mbed-os/hal/source/mbed_ticker_api.o
    0x0800826e   0x00000002   PAD
    0x08008270   0x00000024   Code   RO        32300    .text.timer_irq_handler  BUILD/NUCLEO_F411RE/ARMC6/mbed-os/targets/TARGET_STM/us_ticker.o
    0x08008294   0x0000000c   Code   RO        31834    .text.uart1_irq     BUILD/NUCLEO_F411RE/ARMC6/mbed-os/targets/TARGET_STM/TARGET_STM32F4/serial_device.o
    0x080082a0   0x0000000c   Code   RO        31836    .text.uart2_irq     BUILD/NUCLEO_F411RE/ARMC6/mbed-os/targets/TARGET_STM/TARGET_STM32F4/serial_device.o
    0x080082ac   0x0000000c   Code   RO        31838    .text.uart6_irq     BUILD/NUCLEO_F411RE/ARMC6/mbed-os/targets/TARGET_STM/TARGET_STM32F4/serial_device.o
    0x080082b8   0x00000068   Code   RO        31868    .text.uart_irq      BUILD/NUCLEO_F411RE/ARMC6/mbed-os/targets/TARGET_STM/TARGET_STM32F4/serial_device.o
    0x08008320   0x0000007c   Code   RO        25428    .text.update_present_time  BUILD/NUCLEO_F411RE/ARMC6/mbed-os/hal/source/mbed_ticker_api.o
    0x0800839c   0x0000000c   Code   RO        32314    .text.us_ticker_clear_interrupt  BUILD/NUCLEO_F411RE/ARMC6/mbed-os/targets/TARGET_STM/us_ticker.o
    0x080083a8   0x00000010   Code   RO        32312    .text.us_ticker_disable_interrupt  BUILD/NUCLEO_F411RE/ARMC6/mbed-os/targets/TARGET_STM/us_ticker.o
    0x080083b8   0x0000001c   Code   RO        32310    .text.us_ticker_fire_interrupt  BUILD/NUCLEO_F411RE/ARMC6/mbed-os/targets/TARGET_STM/us_ticker.o
    0x080083d4   0x00000008   Code   RO        32298    .text.us_ticker_get_info  BUILD/NUCLEO_F411RE/ARMC6/mbed-os/targets/TARGET_STM/us_ticker.o
    0x080083dc   0x00000014   Code   RO        32304    .text.us_ticker_init  BUILD/NUCLEO_F411RE/ARMC6/mbed-os/targets/TARGET_STM/us_ticker.o
    0x080083f0   0x00000014   Code   RO        25466    .text.us_ticker_irq_handler  BUILD/NUCLEO_F411RE/ARMC6/mbed-os/hal/source/mbed_us_ticker_api.o
    0x08008404   0x0000000c   Code   RO        32306    .text.us_ticker_read  BUILD/NUCLEO_F411RE/ARMC6/mbed-os/targets/TARGET_STM/us_ticker.o
    0x08008410   0x0000001c   Code   RO        32308    .text.us_ticker_set_interrupt  BUILD/NUCLEO_F411RE/ARMC6/mbed-os/targets/TARGET_STM/us_ticker.o
    0x0800842c   0x0000002a   Code   RO        26374    .text.write         BUILD/NUCLEO_F411RE/ARMC6/mbed-os/platform/source/mbed_retarget.o
    0x08008456   0x0000003e   Code   RO        33481    CL$$btod_d2e        c:\Users\kkoyo\AppData\Local\Mbed Studio\mbed-studio-tools\ac6\bin\..\lib\armlib\c_w.l(btod.o)
    0x08008494   0x00000046   Code   RO        33483    CL$$btod_d2e_denorm_low  c:\Users\kkoyo\AppData\Local\Mbed Studio\mbed-studio-tools\ac6\bin\..\lib\armlib\c_w.l(btod.o)
    0x080084da   0x00000060   Code   RO        33482    CL$$btod_d2e_norm_op1  c:\Users\kkoyo\AppData\Local\Mbed Studio\mbed-studio-tools\ac6\bin\..\lib\armlib\c_w.l(btod.o)
    0x0800853a   0x00000002   PAD
    0x0800853c   0x00000338   Code   RO        33491    CL$$btod_div_common  c:\Users\kkoyo\AppData\Local\Mbed Studio\mbed-studio-tools\ac6\bin\..\lib\armlib\c_w.l(btod.o)
    0x08008874   0x000000dc   Code   RO        33488    CL$$btod_e2e        c:\Users\kkoyo\AppData\Local\Mbed Studio\mbed-studio-tools\ac6\bin\..\lib\armlib\c_w.l(btod.o)
    0x08008950   0x0000002a   Code   RO        33485    CL$$btod_ediv       c:\Users\kkoyo\AppData\Local\Mbed Studio\mbed-studio-tools\ac6\bin\..\lib\armlib\c_w.l(btod.o)
    0x0800897a   0x0000002a   Code   RO        33484    CL$$btod_emul       c:\Users\kkoyo\AppData\Local\Mbed Studio\mbed-studio-tools\ac6\bin\..\lib\armlib\c_w.l(btod.o)
    0x080089a4   0x00000244   Code   RO        33490    CL$$btod_mult_common  c:\Users\kkoyo\AppData\Local\Mbed Studio\mbed-studio-tools\ac6\bin\..\lib\armlib\c_w.l(btod.o)
    0x08008be8   0x00000030   Code   RO        33615    i.__ARM_fpclassify  c:\Users\kkoyo\AppData\Local\Mbed Studio\mbed-studio-tools\ac6\bin\..\lib\armlib\m_wm.l(fpclassify.o)
    0x08008c18   0x00000026   Code   RO        33429    i.__ARM_fpclassifyf  c:\Users\kkoyo\AppData\Local\Mbed Studio\mbed-studio-tools\ac6\bin\..\lib\armlib\m_wm.l(fpclassifyf.o)
    0x08008c3e   0x00000002   PAD
    0x08008c40   0x000002ac   Code   RO        32858    i.__hardfp_atan2f   c:\Users\kkoyo\AppData\Local\Mbed Studio\mbed-studio-tools\ac6\bin\..\lib\armlib\m_wm.l(atan2f.o)
    0x08008eec   0x0000003a   Code   RO        32876    i.__hardfp_sqrtf    c:\Users\kkoyo\AppData\Local\Mbed Studio\mbed-studio-tools\ac6\bin\..\lib\armlib\m_wm.l(sqrtf.o)
    0x08008f26   0x00000006   Code   RO        33433    i.__mathlib_flt_infnan2  c:\Users\kkoyo\AppData\Local\Mbed Studio\mbed-studio-tools\ac6\bin\..\lib\armlib\m_wm.l(funder.o)
    0x08008f2c   0x00000010   Code   RO        33437    i.__mathlib_flt_underflow  c:\Users\kkoyo\AppData\Local\Mbed Studio\mbed-studio-tools\ac6\bin\..\lib\armlib\m_wm.l(funder.o)
    0x08008f3c   0x0000000e   Code   RO        32575    i._is_digit         c:\Users\kkoyo\AppData\Local\Mbed Studio\mbed-studio-tools\ac6\bin\..\lib\armlib\c_w.l(__printf_wp.o)
    0x08008f4a   0x00000002   PAD
    0x08008f4c   0x0000002c   Code   RO        33013    locale$$code        c:\Users\kkoyo\AppData\Local\Mbed Studio\mbed-studio-tools\ac6\bin\..\lib\armlib\c_w.l(lc_ctype_c.o)
    0x08008f78   0x0000002c   Code   RO        33532    locale$$code        c:\Users\kkoyo\AppData\Local\Mbed Studio\mbed-studio-tools\ac6\bin\..\lib\armlib\c_w.l(lc_numeric_c.o)
    0x08008fa4   0x00000062   Code   RO        32733    x$fpl$d2f           c:\Users\kkoyo\AppData\Local\Mbed Studio\mbed-studio-tools\ac6\bin\..\lib\armlib\fz_wm.l(d2f.o)
    0x08009006   0x00000002   PAD
    0x08009008   0x00000150   Code   RO        32735    x$fpl$dadd          c:\Users\kkoyo\AppData\Local\Mbed Studio\mbed-studio-tools\ac6\bin\..\lib\armlib\fz_wm.l(daddsub_clz.o)
    0x08009158   0x000002b4   Code   RO        32744    x$fpl$ddiv          c:\Users\kkoyo\AppData\Local\Mbed Studio\mbed-studio-tools\ac6\bin\..\lib\armlib\fz_wm.l(ddiv.o)
    0x0800940c   0x0000005a   Code   RO        32747    x$fpl$dfixu         c:\Users\kkoyo\AppData\Local\Mbed Studio\mbed-studio-tools\ac6\bin\..\lib\armlib\fz_wm.l(dfixu.o)
    0x08009466   0x0000002e   Code   RO        32752    x$fpl$dflt          c:\Users\kkoyo\AppData\Local\Mbed Studio\mbed-studio-tools\ac6\bin\..\lib\armlib\fz_wm.l(dflt_clz.o)
    0x08009494   0x00000154   Code   RO        32757    x$fpl$dmul          c:\Users\kkoyo\AppData\Local\Mbed Studio\mbed-studio-tools\ac6\bin\..\lib\armlib\fz_wm.l(dmul.o)
    0x080095e8   0x0000009c   Code   RO        33086    x$fpl$dnaninf       c:\Users\kkoyo\AppData\Local\Mbed Studio\mbed-studio-tools\ac6\bin\..\lib\armlib\fz_wm.l(dnaninf.o)
    0x08009684   0x0000000c   Code   RO        33088    x$fpl$dretinf       c:\Users\kkoyo\AppData\Local\Mbed Studio\mbed-studio-tools\ac6\bin\..\lib\armlib\fz_wm.l(dretinf.o)
    0x08009690   0x000001dc   Code   RO        32737    x$fpl$dsub          c:\Users\kkoyo\AppData\Local\Mbed Studio\mbed-studio-tools\ac6\bin\..\lib\armlib\fz_wm.l(daddsub_clz.o)
    0x0800986c   0x00000056   Code   RO        32759    x$fpl$f2d           c:\Users\kkoyo\AppData\Local\Mbed Studio\mbed-studio-tools\ac6\bin\..\lib\armlib\fz_wm.l(f2d.o)
    0x080098c2   0x0000008c   Code   RO        33090    x$fpl$fnaninf       c:\Users\kkoyo\AppData\Local\Mbed Studio\mbed-studio-tools\ac6\bin\..\lib\armlib\fz_wm.l(fnaninf.o)
    0x0800994e   0x0000001a   Code   RO        33572    x$fpl$fpinit        c:\Users\kkoyo\AppData\Local\Mbed Studio\mbed-studio-tools\ac6\bin\..\lib\armlib\fz_wm.l(fpinit.o)
    0x08009968   0x0000000a   Code   RO        33092    x$fpl$fretinf       c:\Users\kkoyo\AppData\Local\Mbed Studio\mbed-studio-tools\ac6\bin\..\lib\armlib\fz_wm.l(fretinf.o)
    0x08009972   0x00000004   Code   RO        32763    x$fpl$printf1       c:\Users\kkoyo\AppData\Local\Mbed Studio\mbed-studio-tools\ac6\bin\..\lib\armlib\fz_wm.l(printf1.o)
    0x08009976   0x00000004   Code   RO        33094    x$fpl$printf2       c:\Users\kkoyo\AppData\Local\Mbed Studio\mbed-studio-tools\ac6\bin\..\lib\armlib\fz_wm.l(printf2.o)
    0x0800997a   0x00000000   Code   RO        33102    x$fpl$usenofp       c:\Users\kkoyo\AppData\Local\Mbed Studio\mbed-studio-tools\ac6\bin\..\lib\armlib\fz_wm.l(usenofp.o)
    0x0800997a   0x00000002   PAD
    0x0800997c   0x00000008   Data   RO        32536    .constdata          c:\Users\kkoyo\AppData\Local\Mbed Studio\mbed-studio-tools\ac6\bin\..\lib\armlib\c_w.l(_printf_wctomb.o)
    0x08009984   0x00000028   Data   RO        32563    .constdata          c:\Users\kkoyo\AppData\Local\Mbed Studio\mbed-studio-tools\ac6\bin\..\lib\armlib\c_w.l(_printf_hex_int_ll_ptr.o)
    0x080099ac   0x00000011   Data   RO        32583    .constdata          c:\Users\kkoyo\AppData\Local\Mbed Studio\mbed-studio-tools\ac6\bin\..\lib\armlib\c_w.l(__printf_flags_ss_wp.o)
    0x080099bd   0x00000026   Data   RO        33458    .constdata          c:\Users\kkoyo\AppData\Local\Mbed Studio\mbed-studio-tools\ac6\bin\..\lib\armlib\c_w.l(_printf_fp_hex.o)
    0x080099e3   0x00000001   PAD
    0x080099e4   0x00000094   Data   RO        33479    .constdata          c:\Users\kkoyo\AppData\Local\Mbed Studio\mbed-studio-tools\ac6\bin\..\lib\armlib\c_w.l(bigflt0.o)
    0x08009a78   0x000000a8   Data   RO          243    .rodata             BUILD/NUCLEO_F411RE/ARMC6/mbed-os/cmsis/CMSIS_5/CMSIS/RTOS2/RTX/Source/rtx_lib.o
    0x08009b20   0x00000010   Data   RO          706    .rodata..L__const.mbed_rtos_init_singleton_mutex.singleton_mutex_attr  BUILD/NUCLEO_F411RE/ARMC6/mbed-os/cmsis/device/rtos/source/mbed_rtos_rtx.o
    0x08009b30   0x00000010   Data   RO        31760    .rodata.AHBPrescTable  BUILD/NUCLEO_F411RE/ARMC6/mbed-os/targets/TARGET_STM/TARGET_STM32F4/STM32Cube_FW/system_stm32f4xx.o
    0x08009b40   0x00000008   Data   RO        31761    .rodata.APBPrescTable  BUILD/NUCLEO_F411RE/ARMC6/mbed-os/targets/TARGET_STM/TARGET_STM32F4/STM32Cube_FW/system_stm32f4xx.o
    0x08009b48   0x000000a8   Data   RO        31764    .rodata.PinMap_ADC  BUILD/NUCLEO_F411RE/ARMC6/mbed-os/targets/TARGET_STM/TARGET_STM32F4/TARGET_STM32F411xE/TARGET_NUCLEO_F411RE/PeripheralPins.o
    0x08009bf0   0x00000030   Data   RO        31765    .rodata.PinMap_ADC_Internal  BUILD/NUCLEO_F411RE/ARMC6/mbed-os/targets/TARGET_STM/TARGET_STM32F4/TARGET_STM32F411xE/TARGET_NUCLEO_F411RE/PeripheralPins.o
    0x08009c20   0x0000018c   Data   RO        31768    .rodata.PinMap_PWM  BUILD/NUCLEO_F411RE/ARMC6/mbed-os/targets/TARGET_STM/TARGET_STM32F4/TARGET_STM32F411xE/TARGET_NUCLEO_F411RE/PeripheralPins.o
    0x08009dac   0x00000054   Data   RO        31770    .rodata.PinMap_UART_RX  BUILD/NUCLEO_F411RE/ARMC6/mbed-os/targets/TARGET_STM/TARGET_STM32F4/TARGET_STM32F411xE/TARGET_NUCLEO_F411RE/PeripheralPins.o
    0x08009e00   0x00000054   Data   RO        31769    .rodata.PinMap_UART_TX  BUILD/NUCLEO_F411RE/ARMC6/mbed-os/targets/TARGET_STM/TARGET_STM32F4/TARGET_STM32F411xE/TARGET_NUCLEO_F411RE/PeripheralPins.o
    0x08009e54   0x00000050   Data   RO        26512    .rodata._ZTV12DirectSerial  BUILD/NUCLEO_F411RE/ARMC6/mbed-os/platform/source/mbed_retarget.o
    0x08009ea4   0x00000014   Data   RO        32370    .rodata._ZTV18MbedHardwareSerial  BUILD/NUCLEO_F411RE/ARMC6/serialbridge/src/source/MbedHardwareSerial.o
    0x08009eb8   0x00000014   Data   RO           34    .rodata._ZTVN2sb7MessageI11ControlTypeEE  BUILD/NUCLEO_F411RE/ARMC6/main.o
    0x08009ecc   0x00000018   Data   RO        23087    .rodata._ZTVN4mbed10SerialBaseE  BUILD/NUCLEO_F411RE/ARMC6/mbed-os/drivers/source/SerialBase.o
    0x08009ee4   0x00000098   Data   RO        22491    .rodata._ZTVN4mbed14BufferedSerialE  BUILD/NUCLEO_F411RE/ARMC6/mbed-os/drivers/source/BufferedSerial.o
    0x08009f7c   0x00000018   Data   RO        22388    .rodata._ZTVN4mbed8AnalogInE  BUILD/NUCLEO_F411RE/ARMC6/mbed-os/drivers/source/AnalogIn.o
    0x08009f94   0x00000018   Data   RO        26519    .rodata._ZZL15default_consolevE14console_pinmap  BUILD/NUCLEO_F411RE/ARMC6/mbed-os/platform/source/mbed_retarget.o
    0x08009fac   0x00000008   Data   RO        26508    .rodata.__stderr_name  BUILD/NUCLEO_F411RE/ARMC6/mbed-os/platform/source/mbed_retarget.o
    0x08009fb4   0x00000007   Data   RO        26506    .rodata.__stdin_name  BUILD/NUCLEO_F411RE/ARMC6/mbed-os/platform/source/mbed_retarget.o
    0x08009fbb   0x00000008   Data   RO        26507    .rodata.__stdout_name  BUILD/NUCLEO_F411RE/ARMC6/mbed-os/platform/source/mbed_retarget.o
    0x08009fc3   0x00000001   PAD
    0x08009fc4   0x00000040   Data   RO        32085    .rodata.ll_pin_defines  BUILD/NUCLEO_F411RE/ARMC6/mbed-os/targets/TARGET_STM/pinmap.o
    0x0800a004   0x00000004   Data   RO          245    .rodata.osRtxUserSVC  BUILD/NUCLEO_F411RE/ARMC6/mbed-os/cmsis/CMSIS_5/CMSIS/RTOS2/RTX/Source/rtx_lib.o
    0x0800a008   0x00000024   Data   RO          240    .rodata.os_idle_thread_attr  BUILD/NUCLEO_F411RE/ARMC6/mbed-os/cmsis/CMSIS_5/CMSIS/RTOS2/RTX/Source/rtx_lib.o
    0x0800a02c   0x00000018   Data   RO          242    .rodata.os_timer_mq_attr  BUILD/NUCLEO_F411RE/ARMC6/mbed-os/cmsis/CMSIS_5/CMSIS/RTOS2/RTX/Source/rtx_lib.o
    0x0800a044   0x00000024   Data   RO          241    .rodata.os_timer_thread_attr  BUILD/NUCLEO_F411RE/ARMC6/mbed-os/cmsis/CMSIS_5/CMSIS/RTOS2/RTX/Source/rtx_lib.o
    0x0800a068   0x00000048   Data   RO        31828    .rodata.pwm_apb_map_table  BUILD/NUCLEO_F411RE/ARMC6/mbed-os/targets/TARGET_STM/TARGET_STM32F4/pwmout_device.o
    0x0800a0b0   0x00000013   Data   RO          246    .rodata.str1.1      BUILD/NUCLEO_F411RE/ARMC6/mbed-os/cmsis/CMSIS_5/CMSIS/RTOS2/RTX/Source/rtx_lib.o
    0x0800a0c3   0x00000010   Data   RO          704    .rodata.str1.1      BUILD/NUCLEO_F411RE/ARMC6/mbed-os/cmsis/device/rtos/source/mbed_rtos_rtx.o
    0x0800a0d3   0x000000c8   Data   RO        26030    .rodata.str1.1      BUILD/NUCLEO_F411RE/ARMC6/mbed-os/platform/source/TARGET_CORTEX_M/mbed_fault_handler.o
    0x0800a19b   0x00000017   Data   RO        32135    .rodata.str1.1      BUILD/NUCLEO_F411RE/ARMC6/mbed-os/targets/TARGET_STM/pwmout_api.o
    0x0800a1b2   0x00000002   PAD
    0x0800a1b4   0x0000000b   Data   RO          233    .rodata.str1.4      BUILD/NUCLEO_F411RE/ARMC6/mbed-os/cmsis/CMSIS_5/CMSIS/RTOS2/RTX/Source/rtx_kernel.o
    0x0800a1bf   0x00000001   PAD
    0x0800a1c0   0x00000008   Data   RO        25470    .rodata.us_data     BUILD/NUCLEO_F411RE/ARMC6/mbed-os/hal/source/mbed_us_ticker_api.o
    0x0800a1c8   0x00000024   Data   RO        25472    .rodata.us_interface  BUILD/NUCLEO_F411RE/ARMC6/mbed-os/hal/source/mbed_us_ticker_api.o
    0x0800a1ec   0x00000008   Data   RO        32322    .rodata.us_ticker_get_info.info  BUILD/NUCLEO_F411RE/ARMC6/mbed-os/targets/TARGET_STM/us_ticker.o
    0x0800a1f4   0x00000020   Data   RO        33726    Region$$Table       anon$$obj.o
    0x0800a214   0x00000110   Data   RO        33012    locale$$data        c:\Users\kkoyo\AppData\Local\Mbed Studio\mbed-studio-tools\ac6\bin\..\lib\armlib\c_w.l(lc_ctype_c.o)
    0x0800a324   0x0000001c   Data   RO        33531    locale$$data        c:\Users\kkoyo\AppData\Local\Mbed Studio\mbed-studio-tools\ac6\bin\..\lib\armlib\c_w.l(lc_numeric_c.o)
    0x0800a340   0x00000004   Data   RO           12    .init_array         BUILD/NUCLEO_F411RE/ARMC6/main.o
    0x0800a344   0x00000000   Data   RO        32728    .init_array         c:\Users\kkoyo\AppData\Local\Mbed Studio\mbed-studio-tools\ac6\bin\..\lib\armlib\c_w.l(init_aeabi.o)


    Execution Region RW_m_crash_data (Base: 0x20000198, Size: 0x00000100, Max: 0x00000100, ABSOLUTE)

    Base Addr    Size         Type   Attr      Idx    E Section Name        Object

    0x20000198   0x00000100   Zero   RW            1    RW_m_crash_data.bss  anon$$obj.o


    Execution Region RW_IRAM1 (Base: 0x20000298, Size: 0x0000216c, Max: 0x0001fd68, ABSOLUTE)

    Base Addr    Size         Type   Attr      Idx    E Section Name        Object

    0x20000298   0x00000004   Data   RW        32646    .data               c:\Users\kkoyo\AppData\Local\Mbed Studio\mbed-studio-tools\ac6\bin\..\lib\armlib\c_w.l(stdio_streams.o)
    0x2000029c   0x00000004   Data   RW        32647    .data               c:\Users\kkoyo\AppData\Local\Mbed Studio\mbed-studio-tools\ac6\bin\..\lib\armlib\c_w.l(stdio_streams.o)
    0x200002a0   0x00000004   Data   RW        32648    .data               c:\Users\kkoyo\AppData\Local\Mbed Studio\mbed-studio-tools\ac6\bin\..\lib\armlib\c_w.l(stdio_streams.o)
    0x200002a4   0x00000004   Data   RW        32999    .data               c:\Users\kkoyo\AppData\Local\Mbed Studio\mbed-studio-tools\ac6\bin\..\lib\armlib\c_w.l(streamlock.o)
    0x200002a8   0x00000008   Data   RW        28574    .data..L_MergedGlobals  BUILD/NUCLEO_F411RE/ARMC6/mbed-os/targets/TARGET_STM/TARGET_STM32F4/STM32Cube_FW/STM32F4xx_HAL_Driver/stm32f4xx_hal.o
    0x200002b0   0x00000004   Data   RW        31759    .data.SystemCoreClock  BUILD/NUCLEO_F411RE/ARMC6/mbed-os/targets/TARGET_STM/TARGET_STM32F4/STM32Cube_FW/system_stm32f4xx.o
    0x200002b4   0x00000040   Data   RW        26518    .data._ZL11filehandles  BUILD/NUCLEO_F411RE/ARMC6/mbed-os/platform/source/mbed_retarget.o
    0x200002f4   0x00000004   Data   RW          729    .data._ZL14idle_hook_fptr  BUILD/NUCLEO_F411RE/ARMC6/mbed-os/cmsis/device/rtos/source/mbed_rtx_idle.o
    0x200002f8   0x00000004   Data   RW        25471    .data.irq_handler   BUILD/NUCLEO_F411RE/ARMC6/mbed-os/hal/source/mbed_us_ticker_api.o
    0x200002fc   0x000000a4   Data   RW          234    .data.os            BUILD/NUCLEO_F411RE/ARMC6/mbed-os/cmsis/CMSIS_5/CMSIS/RTOS2/RTX/Source/rtx_kernel.o
    0x200003a0   0x00000054   Zero   RW        32643    .bss                c:\Users\kkoyo\AppData\Local\Mbed Studio\mbed-studio-tools\ac6\bin\..\lib\armlib\c_w.l(stdio_streams.o)
    0x200003f4   0x00000054   Zero   RW        32644    .bss                c:\Users\kkoyo\AppData\Local\Mbed Studio\mbed-studio-tools\ac6\bin\..\lib\armlib\c_w.l(stdio_streams.o)
    0x20000448   0x00000054   Zero   RW        32645    .bss                c:\Users\kkoyo\AppData\Local\Mbed Studio\mbed-studio-tools\ac6\bin\..\lib\armlib\c_w.l(stdio_streams.o)
    0x2000049c   0x00000060   Zero   RW        32889    .bss                c:\Users\kkoyo\AppData\Local\Mbed Studio\mbed-studio-tools\ac6\bin\..\lib\armlib\c_w.l(libspace.o)
    0x200004fc   0x00000064   Zero   RW           14    .bss..L_MergedGlobals  BUILD/NUCLEO_F411RE/ARMC6/main.o
    0x20000560   0x00000002   Zero   RW        25302    .bss..L_MergedGlobals  BUILD/NUCLEO_F411RE/ARMC6/mbed-os/hal/source/mbed_critical_section_api.o
    0x20000562   0x00000002   PAD
    0x20000564   0x00000024   Zero   RW        25643    .bss..L_MergedGlobals  BUILD/NUCLEO_F411RE/ARMC6/mbed-os/platform/source/CThunkBase.o
    0x20000588   0x00000030   Zero   RW        25707    .bss..L_MergedGlobals  BUILD/NUCLEO_F411RE/ARMC6/mbed-os/platform/source/FileBase.o
    0x200005b8   0x0000004c   Zero   RW        26220    .bss..L_MergedGlobals  BUILD/NUCLEO_F411RE/ARMC6/mbed-os/platform/source/mbed_error.o
    0x20000604   0x00000028   Zero   RW        26520    .bss..L_MergedGlobals  BUILD/NUCLEO_F411RE/ARMC6/mbed-os/platform/source/mbed_retarget.o
    0x2000062c   0x00000010   Zero   RW        31875    .bss..L_MergedGlobals  BUILD/NUCLEO_F411RE/ARMC6/mbed-os/targets/TARGET_STM/TARGET_STM32F4/serial_device.o
    0x2000063c   0x0000000c   Zero   RW        31943    .bss..L_MergedGlobals  BUILD/NUCLEO_F411RE/ARMC6/mbed-os/targets/TARGET_STM/hal_tick_overrides.o
    0x20000648   0x00000050   Zero   RW        32205    .bss..L_MergedGlobals  BUILD/NUCLEO_F411RE/ARMC6/mbed-os/targets/TARGET_STM/serial_api.o
    0x20000698   0x00000054   Zero   RW        32323    .bss..L_MergedGlobals  BUILD/NUCLEO_F411RE/ARMC6/mbed-os/targets/TARGET_STM/us_ticker.o
    0x200006ec   0x00000064   Zero   RW           15    .bss..L_MergedGlobals.11  BUILD/NUCLEO_F411RE/ARMC6/main.o
    0x20000750   0x00000048   Zero   RW        32134    .bss.TimHandle      BUILD/NUCLEO_F411RE/ARMC6/mbed-os/targets/TARGET_STM/pwmout_api.o
    0x20000798   0x00000028   Zero   RW        26511    .bss._ZL16filehandle_mutex  BUILD/NUCLEO_F411RE/ARMC6/mbed-os/platform/source/mbed_retarget.o
    0x200007c0   0x00000028   Zero   RW        22378    .bss._ZN4mbed8AnalogIn6_mutexE  BUILD/NUCLEO_F411RE/ARMC6/mbed-os/drivers/source/AnalogIn.o
    0x200007e8   0x00001000   Zero   RW          701    .bss._main_stack    BUILD/NUCLEO_F411RE/ARMC6/mbed-os/cmsis/device/rtos/source/mbed_rtos_rtx.o
    0x200017e8   0x00000024   Zero   RW          702    .bss._main_thread_attr  BUILD/NUCLEO_F411RE/ARMC6/mbed-os/cmsis/device/rtos/source/mbed_rtos_rtx.o
    0x2000180c   0x00000020   Zero   RW          674    .bss._static_mutexes  BUILD/NUCLEO_F411RE/ARMC6/mbed-os/cmsis/device/rtos/TOOLCHAIN_ARM_STD/mbed_boot_arm_std.o
    0x2000182c   0x000000e0   Zero   RW          675    .bss._static_mutexes_mem  BUILD/NUCLEO_F411RE/ARMC6/mbed-os/cmsis/device/rtos/TOOLCHAIN_ARM_STD/mbed_boot_arm_std.o
    0x2000190c   0x00000004   Zero   RW        26168    .bss.critical_section_reentrancy_counter  BUILD/NUCLEO_F411RE/ARMC6/mbed-os/platform/source/mbed_critical.o
    0x20001910   0x00000002   Zero   RW        26323    .bss.deep_sleep_lock  BUILD/NUCLEO_F411RE/ARMC6/mbed-os/platform/source/mbed_power_mgmt.o
    0x20001912   0x00000006   PAD
    0x20001918   0x00000038   Zero   RW        25473    .bss.events         BUILD/NUCLEO_F411RE/ARMC6/mbed-os/hal/source/mbed_us_ticker_api.o
    0x20001950   0x00000001   Zero   RW        26219    .bss.halt_in_progress  BUILD/NUCLEO_F411RE/ARMC6/mbed-os/platform/source/mbed_error.o
    0x20001951   0x00000001   Zero   RW        26217    .bss.is_reboot_error_valid  BUILD/NUCLEO_F411RE/ARMC6/mbed-os/platform/source/mbed_error.o
    0x20001952   0x00000002   PAD
    0x20001954   0x00000040   Zero   RW        26218    .bss.last_error_ctx  BUILD/NUCLEO_F411RE/ARMC6/mbed-os/platform/source/mbed_error.o
    0x20001994   0x00000054   Zero   RW           10    .bss.lr             BUILD/NUCLEO_F411RE/ARMC6/main.o
    0x200019e8   0x00000004   Zero   RW        26510    .bss.mbed_heap_size  BUILD/NUCLEO_F411RE/ARMC6/mbed-os/platform/source/mbed_retarget.o
    0x200019ec   0x00000004   Zero   RW        26509    .bss.mbed_heap_start  BUILD/NUCLEO_F411RE/ARMC6/mbed-os/platform/source/mbed_retarget.o
    0x200019f0   0x00000004   Zero   RW        32075    .bss.mbed_sdk_inited  BUILD/NUCLEO_F411RE/ARMC6/mbed-os/targets/TARGET_STM/mbed_overrides.o
    0x200019f4   0x00000004   Zero   RW          692    .bss.mbed_stack_isr_size  BUILD/NUCLEO_F411RE/ARMC6/mbed-os/cmsis/device/rtos/source/mbed_boot.o
    0x200019f8   0x00000004   Zero   RW          691    .bss.mbed_stack_isr_start  BUILD/NUCLEO_F411RE/ARMC6/mbed-os/cmsis/device/rtos/source/mbed_boot.o
    0x200019fc   0x00000040   Zero   RW          239    .bss.os             BUILD/NUCLEO_F411RE/ARMC6/mbed-os/cmsis/CMSIS_5/CMSIS/RTOS2/RTX/Source/rtx_lib.o
    0x20001a3c   0x00000001   Zero   RW          652    .bss.os             BUILD/NUCLEO_F411RE/ARMC6/mbed-os/cmsis/CMSIS_5/CMSIS/RTOS2/Source/os_systick.o
    0x20001a3d   0x00000003   PAD
    0x20001a40   0x000001f0   Zero   RW          673    .bss.os.libspace    BUILD/NUCLEO_F411RE/ARMC6/mbed-os/cmsis/device/rtos/TOOLCHAIN_ARM_STD/mbed_boot_arm_std.o
    0x20001c30   0x00000034   Zero   RW          250    .bss.os.msgqueue.cb  BUILD/NUCLEO_F411RE/ARMC6/mbed-os/cmsis/CMSIS_5/CMSIS/RTOS2/RTX/Source/rtx_lib.o
    0x20001c64   0x00000050   Zero   RW          251    .bss.os.msgqueue.mem  BUILD/NUCLEO_F411RE/ARMC6/mbed-os/cmsis/CMSIS_5/CMSIS/RTOS2/RTX/Source/rtx_lib.o
    0x20001cb4   0x00000088   Zero   RW          247    .bss.os.thread.cb   BUILD/NUCLEO_F411RE/ARMC6/mbed-os/cmsis/CMSIS_5/CMSIS/RTOS2/RTX/Source/rtx_lib.o
    0x20001d3c   0x00000044   Zero   RW          703    .bss.os.thread.cb   BUILD/NUCLEO_F411RE/ARMC6/mbed-os/cmsis/device/rtos/source/mbed_rtos_rtx.o
    0x20001d80   0x00000200   Zero   RW          248    .bss.os.thread.idle.stack  BUILD/NUCLEO_F411RE/ARMC6/mbed-os/cmsis/CMSIS_5/CMSIS/RTOS2/RTX/Source/rtx_lib.o
    0x20001f80   0x00000300   Zero   RW          249    .bss.os.thread.timer.stack  BUILD/NUCLEO_F411RE/ARMC6/mbed-os/cmsis/CMSIS_5/CMSIS/RTOS2/RTX/Source/rtx_lib.o
    0x20002280   0x00000001   Zero   RW          676    .bss.os_kernel_is_active.os_kernel_active  BUILD/NUCLEO_F411RE/ARMC6/mbed-os/cmsis/device/rtos/TOOLCHAIN_ARM_STD/mbed_boot_arm_std.o
    0x20002281   0x00000003   PAD
    0x20002284   0x0000003c   Zero   RW           11    .bss.serial         BUILD/NUCLEO_F411RE/ARMC6/main.o
    0x200022c0   0x00000004   Zero   RW          707    .bss.singleton_mutex_id  BUILD/NUCLEO_F411RE/ARMC6/mbed-os/cmsis/device/rtos/source/mbed_rtos_rtx.o
    0x200022c4   0x0000001c   Zero   RW          705    .bss.singleton_mutex_obj  BUILD/NUCLEO_F411RE/ARMC6/mbed-os/cmsis/device/rtos/source/mbed_rtos_rtx.o
    0x200022e0   0x00000004   Zero   RW          720    .bss.terminate_hook  BUILD/NUCLEO_F411RE/ARMC6/mbed-os/cmsis/device/rtos/source/mbed_rtx_handlers.o
    0x200022e4   0x000000cc   Zero   RW        31874    .bss.uart_handlers  BUILD/NUCLEO_F411RE/ARMC6/mbed-os/targets/TARGET_STM/TARGET_STM32F4/serial_device.o
    0x200023b0   0x00000054   Zero   RW            9    .bss.ud             BUILD/NUCLEO_F411RE/ARMC6/main.o


    Execution Region ARM_LIB_HEAP (Base: 0x20002410, Size: 0x0001d7f0, Max: 0x0001d7f0, ABSOLUTE)

    Base Addr    Size         Type   Attr      Idx    E Section Name        Object

    0x20002410   0x0001d7f0   Zero   RW            2    ARM_LIB_HEAP.bss    anon$$obj.o


    Execution Region ARM_LIB_STACK (Base: 0x2001fc00, Size: 0x00000400, Max: 0x00000400, ABSOLUTE)

    Base Addr    Size         Type   Attr      Idx    E Section Name        Object

    0x2001fc00   0x00000400   Zero   RW            3    ARM_LIB_STACK.bss   anon$$obj.o


==============================================================================

Image component sizes


      Code (inc. data)   RO Data    RW Data    ZI Data      Debug   

     25494       1932       2360        248     130040      33564   Object Totals
         0          0         32          0     122096          0   (incl. Generated)
        72          8          4          0         16          0   (incl. Padding)
     13390        724        552         16        348      10112   Library Totals
        26          0          1          0          0          0   (incl. Padding)

==============================================================================


      Code (inc. data)   RO Data    RW Data    ZI Data      Debug   

     38884       2656       2912        264     130388      36216   Grand Totals
     38884       2656       2912        264     130388      36216   ELF Image Totals
     38884       2656       2912        264          0          0   ROM Totals

==============================================================================

    Total RO  Size (Code + RO Data)                41796 (  40.82kB)
    Total RW  Size (RW Data + ZI Data)            130652 ( 127.59kB)
    Total ROM Size (Code + RO Data + RW Data)      42060 (  41.07kB)

==============================================================================

